Archive member included to satisfy reference by file (symbol)

c:/progra~1/raspbe~1/picosd~1.1/gcc-ar~1/bin/../lib/gcc/arm-none-eabi/10.3.1/../../../../arm-none-eabi/lib/thumb/v6-m/nofp\libstdc++.a(guard.o)
                              ohashi-v2/CMakeFiles/ohashi-v2.dir/ohashi-v2.cpp.obj (__cxa_guard_acquire)
c:/progra~1/raspbe~1/picosd~1.1/gcc-ar~1/bin/../lib/gcc/arm-none-eabi/10.3.1/../../../../arm-none-eabi/lib/thumb/v6-m/nofp\libstdc++.a(guard_error.o)
                              c:/progra~1/raspbe~1/picosd~1.1/gcc-ar~1/bin/../lib/gcc/arm-none-eabi/10.3.1/../../../../arm-none-eabi/lib/thumb/v6-m/nofp\libstdc++.a(guard.o) (__gnu_cxx::recursive_init_error::~recursive_init_error())
c:/progra~1/raspbe~1/picosd~1.1/gcc-ar~1/bin/../lib/gcc/arm-none-eabi/10.3.1/../../../../arm-none-eabi/lib/thumb/v6-m/nofp\libstdc++.a(si_class_type_info.o)
                              c:/progra~1/raspbe~1/picosd~1.1/gcc-ar~1/bin/../lib/gcc/arm-none-eabi/10.3.1/../../../../arm-none-eabi/lib/thumb/v6-m/nofp\libstdc++.a(guard_error.o) (vtable for __cxxabiv1::__si_class_type_info)
c:/progra~1/raspbe~1/picosd~1.1/gcc-ar~1/bin/../lib/gcc/arm-none-eabi/10.3.1/../../../../arm-none-eabi/lib/thumb/v6-m/nofp\libstdc++.a(tinfo.o)
                              c:/progra~1/raspbe~1/picosd~1.1/gcc-ar~1/bin/../lib/gcc/arm-none-eabi/10.3.1/../../../../arm-none-eabi/lib/thumb/v6-m/nofp\libstdc++.a(si_class_type_info.o) (std::type_info::__is_pointer_p() const)
c:/progra~1/raspbe~1/picosd~1.1/gcc-ar~1/bin/../lib/gcc/arm-none-eabi/10.3.1/../../../../arm-none-eabi/lib/thumb/v6-m/nofp\libstdc++.a(class_type_info.o)
                              c:/progra~1/raspbe~1/picosd~1.1/gcc-ar~1/bin/../lib/gcc/arm-none-eabi/10.3.1/../../../../arm-none-eabi/lib/thumb/v6-m/nofp\libstdc++.a(si_class_type_info.o) (__cxxabiv1::__class_type_info::__do_upcast(__cxxabiv1::__class_type_info const*, void**) const)
c:/progra~1/raspbe~1/picosd~1.1/gcc-ar~1/bin/../lib/gcc/arm-none-eabi/10.3.1/../../../../arm-none-eabi/lib/thumb/v6-m/nofp\libstdc++.a(eh_alloc.o)
                              c:/progra~1/raspbe~1/picosd~1.1/gcc-ar~1/bin/../lib/gcc/arm-none-eabi/10.3.1/../../../../arm-none-eabi/lib/thumb/v6-m/nofp\libstdc++.a(guard.o) (__cxa_allocate_exception)
c:/progra~1/raspbe~1/picosd~1.1/gcc-ar~1/bin/../lib/gcc/arm-none-eabi/10.3.1/../../../../arm-none-eabi/lib/thumb/v6-m/nofp\libstdc++.a(eh_exception.o)
                              c:/progra~1/raspbe~1/picosd~1.1/gcc-ar~1/bin/../lib/gcc/arm-none-eabi/10.3.1/../../../../arm-none-eabi/lib/thumb/v6-m/nofp\libstdc++.a(guard_error.o) (std::exception::~exception())
c:/progra~1/raspbe~1/picosd~1.1/gcc-ar~1/bin/../lib/gcc/arm-none-eabi/10.3.1/../../../../arm-none-eabi/lib/thumb/v6-m/nofp\libstdc++.a(eh_terminate.o)
                              c:/progra~1/raspbe~1/picosd~1.1/gcc-ar~1/bin/../lib/gcc/arm-none-eabi/10.3.1/../../../../arm-none-eabi/lib/thumb/v6-m/nofp\libstdc++.a(eh_alloc.o) (std::terminate())
c:/progra~1/raspbe~1/picosd~1.1/gcc-ar~1/bin/../lib/gcc/arm-none-eabi/10.3.1/../../../../arm-none-eabi/lib/thumb/v6-m/nofp\libstdc++.a(eh_throw.o)
                              c:/progra~1/raspbe~1/picosd~1.1/gcc-ar~1/bin/../lib/gcc/arm-none-eabi/10.3.1/../../../../arm-none-eabi/lib/thumb/v6-m/nofp\libstdc++.a(guard.o) (__cxa_throw)
c:/progra~1/raspbe~1/picosd~1.1/gcc-ar~1/bin/../lib/gcc/arm-none-eabi/10.3.1/../../../../arm-none-eabi/lib/thumb/v6-m/nofp\libstdc++.a(eh_unex_handler.o)
                              c:/progra~1/raspbe~1/picosd~1.1/gcc-ar~1/bin/../lib/gcc/arm-none-eabi/10.3.1/../../../../arm-none-eabi/lib/thumb/v6-m/nofp\libstdc++.a(eh_terminate.o) (__cxxabiv1::__unexpected_handler)
c:/progra~1/raspbe~1/picosd~1.1/gcc-ar~1/bin/../lib/gcc/arm-none-eabi/10.3.1/../../../../arm-none-eabi/lib/thumb/v6-m/nofp\libstdc++.a(pure.o)
                              c:/progra~1/raspbe~1/picosd~1.1/gcc-ar~1/bin/../lib/gcc/arm-none-eabi/10.3.1/../../../../arm-none-eabi/lib/thumb/v6-m/nofp\libstdc++.a(eh_exception.o) (__cxa_pure_virtual)
c:/progra~1/raspbe~1/picosd~1.1/gcc-ar~1/bin/../lib/gcc/arm-none-eabi/10.3.1/../../../../arm-none-eabi/lib/thumb/v6-m/nofp\libstdc++.a(vterminate.o)
                              c:/progra~1/raspbe~1/picosd~1.1/gcc-ar~1/bin/../lib/gcc/arm-none-eabi/10.3.1/../../../../arm-none-eabi/lib/thumb/v6-m/nofp\libstdc++.a(eh_terminate.o) (__gnu_cxx::__verbose_terminate_handler())
c:/progra~1/raspbe~1/picosd~1.1/gcc-ar~1/bin/../lib/gcc/arm-none-eabi/10.3.1/../../../../arm-none-eabi/lib/thumb/v6-m/nofp\libstdc++.a(cp-demangle.o)
                              c:/progra~1/raspbe~1/picosd~1.1/gcc-ar~1/bin/../lib/gcc/arm-none-eabi/10.3.1/../../../../arm-none-eabi/lib/thumb/v6-m/nofp\libstdc++.a(vterminate.o) (__cxa_demangle)
c:/progra~1/raspbe~1/picosd~1.1/gcc-ar~1/bin/../lib/gcc/arm-none-eabi/10.3.1/../../../../arm-none-eabi/lib/thumb/v6-m/nofp\libstdc++.a(eh_arm.o)
[...]
Memory Configuration

Name             Origin             Length             Attributes
FLASH            0x10000000         0x00200000         xr
RAM              0x20000000         0x00040000         xrw
SCRATCH_X        0x20040000         0x00001000         xrw
SCRATCH_Y        0x20041000         0x00001000         xrw
*default*        0x00000000         0xffffffff

Linker script and memory map

LOAD c:/progra~1/raspbe~1/picosd~1.1/gcc-ar~1/bin/../lib/gcc/arm-none-eabi/10.3.1/thumb/v6-m/nofp/crti.o
LOAD c:/progra~1/raspbe~1/picosd~1.1/gcc-ar~1/bin/../lib/gcc/arm-none-eabi/10.3.1/thumb/v6-m/nofp/crtbegin.o
LOAD c:/progra~1/raspbe~1/picosd~1.1/gcc-ar~1/bin/../lib/gcc/arm-none-eabi/10.3.1/../../../../arm-none-eabi/lib/thumb/v6-m/nofp/crt0.o

.flash_begin    0x10000000        0x0
                0x10000000                __flash_binary_start = .

.boot2          0x10000000      0x100
                0x10000000                __boot2_start__ = .
 *(.boot2)
 .boot2         0x10000000      0x100 C:\Users\KAZUKI~1\AppData\Local\Temp\cckybA7S.o
                0x10000100                __boot2_end__ = .
                0x00000001                ASSERT (((__boot2_end__ - __boot2_start__) == 0x100), ERROR: Pico second stage bootloader must be 256 bytes in size)

.text           0x10000100    0x12d88
                0x10000100                __logical_binary_start = .
 *(.vectors)
 .vectors       0x10000100       0xd4 ohashi-v2/CMakeFiles/ohashi-v2.dir/C_/Program_Files/Raspberry_Pi/Pico_SDK_v1.5.1/pico-sdk/src/rp2_common/pico_standard_link/crt0.S.obj
                0x10000100                __VECTOR_TABLE
                0x10000100                __vectors
                0x100001c0                isr_invalid
                0x100001c0                __default_isrs_start
                0x100001c2                isr_nmi
                0x100001c4                isr_hardfault
                0x100001c6                isr_svcall
                0x100001c8                isr_pendsv
                0x100001ca                isr_systick
                0x100001cc                isr_irq23
                0x100001cc                isr_irq18
                0x100001cc                isr_irq11
                0x100001cc                isr_irq28
                0x100001cc                isr_irq19
                0x100001cc                isr_irq0
                0x100001cc                isr_irq6
                0x100001cc                isr_irq5
                0x100001cc                isr_irq12
                0x100001cc                isr_irq22
                0x100001cc                isr_irq31
                0x100001cc                isr_irq17
                0x100001cc                isr_irq27
                0x100001cc                isr_irq30
                0x100001cc                isr_irq2
                0x100001cc                isr_irq10
                0x100001cc                isr_irq8
                0x100001cc                isr_irq24
                0x100001cc                isr_irq1
                0x100001cc                isr_irq7
                0x100001cc                isr_irq21
                0x100001cc                isr_irq20
                0x100001cc                isr_irq15
                0x100001cc                isr_irq25
                0x100001cc                isr_irq13
                0x100001cc                __unhandled_user_irq
                0x100001cc                isr_irq4
                0x100001cc                isr_irq16
                0x100001cc                isr_irq29
                0x100001cc                isr_irq26
                0x100001cc                __default_isrs_end
                0x100001cc                isr_irq3
                0x100001cc                isr_irq14
                0x100001cc                isr_irq9
                0x100001d2                unhandled_user_irq_num_in_r0
 *(.binary_info_header)
 .binary_info_header
                0x100001d4       0x14 ohashi-v2/CMakeFiles/ohashi-v2.dir/C_/Program_Files/Raspberry_Pi/Pico_SDK_v1.5.1/pico-sdk/src/rp2_common/pico_standard_link/crt0.S.obj
                0x100001e8                __binary_info_header_end = .
 *(.reset)
 .reset         0x100001e8       0xa0 ohashi-v2/CMakeFiles/ohashi-v2.dir/C_/Program_Files/Raspberry_Pi/Pico_SDK_v1.5.1/pico-sdk/src/rp2_common/pico_standard_link/crt0.S.obj
                0x100001e8                _entry_point
 .reset         0x10000288       0x30 ohashi-v2/CMakeFiles/ohashi-v2.dir/C_/Program_Files/Raspberry_Pi/Pico_SDK_v1.5.1/pico-sdk/src/rp2_common/pico_standard_link/binary_info.c.obj
 *(.init)
 .init          0x100002b8        0x4 c:/progra~1/raspbe~1/picosd~1.1/gcc-ar~1/bin/../lib/gcc/arm-none-eabi/10.3.1/thumb/v6-m/nofp/crti.o
                0x100002b8                _init
 *(EXCLUDE_FILE(*libm.a: *libc.a:*lib_a-mem*.o *libgcc.a:) .text*)
 .text          0x100002bc       0x48 c:/progra~1/raspbe~1/picosd~1.1/gcc-ar~1/bin/../lib/gcc/arm-none-eabi/10.3.1/thumb/v6-m/nofp/crtbegin.o
 .text.uart_puts
                0x10000304       0x98 ohashi-v2/CMakeFiles/ohashi-v2.dir/ohashi-v2.cpp.obj
 .text._ZL13mpu9250_resetv
                0x1000039c      0x158 ohashi-v2/CMakeFiles/ohashi-v2.dir/ohashi-v2.cpp.obj
 .text._ZL14read_registershPht
                0x100004f4       0x74 ohashi-v2/CMakeFiles/ohashi-v2.dir/ohashi-v2.cpp.obj
 .text._ZL17mpu9250_read_raw1PsS_S_
                0x10000568       0x70 ohashi-v2/CMakeFiles/ohashi-v2.dir/ohashi-v2.cpp.obj
 .text._ZL17mpu9250_read_raw2PlPsS0_Rs
                0x100005d8       0x92 ohashi-v2/CMakeFiles/ohashi-v2.dir/ohashi-v2.cpp.obj
 *fill*         0x1000066a        0x2 
 .text._Z19mpu9250_calibrationPlPsS0_S0_
                0x1000066c       0x64 ohashi-v2/CMakeFiles/ohashi-v2.dir/ohashi-v2.cpp.obj
                0x1000066c                mpu9250_calibration(long*, short*, short*, short*)
 .text._Z13L6470_settingPhS_
                0x100006d0       0x88 ohashi-v2/CMakeFiles/ohashi-v2.dir/ohashi-v2.cpp.obj
                0x100006d0                L6470_setting(unsigned char*, unsigned char*)
 .text._Z11L6470_resetv
                0x10000758      0x318 ohashi-v2/CMakeFiles/ohashi-v2.dir/ohashi-v2.cpp.obj
                0x10000758                L6470_reset()
 .text._Z10L6470_movesss
                0x10000a70      0x19c ohashi-v2/CMakeFiles/ohashi-v2.dir/ohashi-v2.cpp.obj
                0x10000a70                L6470_move(short, short, short)
 .text._Z16L6470_manualstopRiS_
                0x10000c0c       0x5c ohashi-v2/CMakeFiles/ohashi-v2.dir/ohashi-v2.cpp.obj
                0x10000c0c                L6470_manualstop(int&, int&)
 .text._Z8P_ctrl_YiffRf
                0x10000c68       0x24 ohashi-v2/CMakeFiles/ohashi-v2.dir/ohashi-v2.cpp.obj
                0x10000c68                P_ctrl_Y(int, float, float, float&)
 .text._Z8P_ctrl_XiffRf
                0x10000c8c       0x24 ohashi-v2/CMakeFiles/ohashi-v2.dir/ohashi-v2.cpp.obj
                0x10000c8c                P_ctrl_X(int, float, float, float&)
 .text._Z8D_ctrl_YiffRf
                0x10000cb0       0x40 ohashi-v2/CMakeFiles/ohashi-v2.dir/ohashi-v2.cpp.obj
                0x10000cb0                D_ctrl_Y(int, float, float, float&)
 .text._Z8D_ctrl_XiffRf
                0x10000cf0       0x40 ohashi-v2/CMakeFiles/ohashi-v2.dir/ohashi-v2.cpp.obj
                0x10000cf0                D_ctrl_X(int, float, float, float&)
 .text._Z7cor_totiffffRfS_
                0x10000d30       0x54 ohashi-v2/CMakeFiles/ohashi-v2.dir/ohashi-v2.cpp.obj
                0x10000d30                cor_tot(int, float, float, float, float, float&, float&)
 .text._Z10motor_calcffRsS_S_S_S_
                0x10000d84       0x94 ohashi-v2/CMakeFiles/ohashi-v2.dir/ohashi-v2.cpp.obj
                0x10000d84                motor_calc(float, float, short&, short&, short&, short&, short&)
 .text._Z10vib_ctrl_YfRsS_
                0x10000e18       0x70 ohashi-v2/CMakeFiles/ohashi-v2.dir/ohashi-v2.cpp.obj
                0x10000e18                vib_ctrl_Y(float, short&, short&)
 .text._Z10vib_ctrl_XfRsS_S_
                0x10000e88       0x94 ohashi-v2/CMakeFiles/ohashi-v2.dir/ohashi-v2.cpp.obj
                0x10000e88                vib_ctrl_X(float, short&, short&, short&)
 .text._Z10motor_ctrlssssssRsS_
                0x10000f1c       0x36 ohashi-v2/CMakeFiles/ohashi-v2.dir/ohashi-v2.cpp.obj
                0x10000f1c                motor_ctrl(short, short, short, short, short, short, short&, short&)
 *fill*         0x10000f52        0x2 
 .text._Z11degree_calcPsS_RfS0_S0_S0_S0_
                0x10000f54      0x3e8 ohashi-v2/CMakeFiles/ohashi-v2.dir/ohashi-v2.cpp.obj
                0x10000f54                degree_calc(short*, short*, float&, float&, float&, float&, float&)
 .text._Z12sphere_speediiffRfS_
                0x1000133c      0x13c ohashi-v2/CMakeFiles/ohashi-v2.dir/ohashi-v2.cpp.obj
                0x1000133c                sphere_speed(int, int, float, float, float&, float&)
 .text.main     0x10001478      0x38c ohashi-v2/CMakeFiles/ohashi-v2.dir/ohashi-v2.cpp.obj
                0x10001478                main
 .text.gpio_set_function
                0x10001804       0x30 ohashi-v2/CMakeFiles/ohashi-v2.dir/C_/Program_Files/Raspberry_Pi/Pico_SDK_v1.5.1/pico-sdk/src/rp2_common/hardware_gpio/gpio.c.obj
                0x10001804                gpio_set_function
 .text.gpio_set_pulls
                0x10001834       0x34 ohashi-v2/CMakeFiles/ohashi-v2.dir/C_/Program_Files/Raspberry_Pi/Pico_SDK_v1.5.1/pico-sdk/src/rp2_common/hardware_gpio/gpio.c.obj
                0x10001834                gpio_set_pulls
 .text.gpio_init
                0x10001868       0x16 ohashi-v2/CMakeFiles/ohashi-v2.dir/C_/Program_Files/Raspberry_Pi/Pico_SDK_v1.5.1/pico-sdk/src/rp2_common/hardware_gpio/gpio.c.obj
                0x10001868                gpio_init
 *fill*         0x1000187e        0x2 
 .text.running_on_fpga
                0x10001880       0x14 ohashi-v2/CMakeFiles/ohashi-v2.dir/C_/Program_Files/Raspberry_Pi/Pico_SDK_v1.5.1/pico-sdk/src/rp2_common/pico_platform/platform.c.obj
                0x10001880                running_on_fpga
 .text.hw_claim_lock
                0x10001894       0x18 ohashi-v2/CMakeFiles/ohashi-v2.dir/C_/Program_Files/Raspberry_Pi/Pico_SDK_v1.5.1/pico-sdk/src/rp2_common/hardware_claim/claim.c.obj
                0x10001894                hw_claim_lock
 .text.hw_claim_unlock
                0x100018ac       0x14 ohashi-v2/CMakeFiles/ohashi-v2.dir/C_/Program_Files/Raspberry_Pi/Pico_SDK_v1.5.1/pico-sdk/src/rp2_common/hardware_claim/claim.c.obj
                0x100018ac                hw_claim_unlock
 .text.hw_claim_or_assert
                0x100018c0       0x32 ohashi-v2/CMakeFiles/ohashi-v2.dir/C_/Program_Files/Raspberry_Pi/Pico_SDK_v1.5.1/pico-sdk/src/rp2_common/hardware_claim/claim.c.obj
                0x100018c0                hw_claim_or_assert
 .text.hw_claim_unused_from_range
                0x100018f2       0x50 ohashi-v2/CMakeFiles/ohashi-v2.dir/C_/Program_Files/Raspberry_Pi/Pico_SDK_v1.5.1/pico-sdk/src/rp2_common/hardware_claim/claim.c.obj
                0x100018f2                hw_claim_unused_from_range
 *fill*         0x10001942        0x2 
 .text.spin_locks_reset
                0x10001944       0x20 ohashi-v2/CMakeFiles/ohashi-v2.dir/C_/Program_Files/Raspberry_Pi/Pico_SDK_v1.5.1/pico-sdk/src/rp2_common/hardware_sync/sync.c.obj
                0x10001944                spin_locks_reset
 .text.next_striped_spin_lock_num
                0x10001964       0x1c ohashi-v2/CMakeFiles/ohashi-v2.dir/C_/Program_Files/Raspberry_Pi/Pico_SDK_v1.5.1/pico-sdk/src/rp2_common/hardware_sync/sync.c.obj
                0x10001964                next_striped_spin_lock_num
 .text.spin_lock_claim_unused
                0x10001980       0x20 ohashi-v2/CMakeFiles/ohashi-v2.dir/C_/Program_Files/Raspberry_Pi/Pico_SDK_v1.5.1/pico-sdk/src/rp2_common/hardware_sync/sync.c.obj
                0x10001980                spin_lock_claim_unused
 .text.set_raw_irq_handler_and_unlock
                0x100019a0       0x28 ohashi-v2/CMakeFiles/ohashi-v2.dir/C_/Program_Files/Raspberry_Pi/Pico_SDK_v1.5.1/pico-sdk/src/rp2_common/hardware_irq/irq.c.obj
 .text.make_branch
                0x100019c8       0x48 ohashi-v2/CMakeFiles/ohashi-v2.dir/C_/Program_Files/Raspberry_Pi/Pico_SDK_v1.5.1/pico-sdk/src/rp2_common/hardware_irq/irq.c.obj
 .text.insert_branch_and_link
                0x10001a10       0x40 ohashi-v2/CMakeFiles/ohashi-v2.dir/C_/Program_Files/Raspberry_Pi/Pico_SDK_v1.5.1/pico-sdk/src/rp2_common/hardware_irq/irq.c.obj
 .text.irq_is_enabled
                0x10001a50       0x18 ohashi-v2/CMakeFiles/ohashi-v2.dir/C_/Program_Files/Raspberry_Pi/Pico_SDK_v1.5.1/pico-sdk/src/rp2_common/hardware_irq/irq.c.obj
                0x10001a50                irq_is_enabled
 .text.irq_set_mask_enabled
                0x10001a68       0x20 ohashi-v2/CMakeFiles/ohashi-v2.dir/C_/Program_Files/Raspberry_Pi/Pico_SDK_v1.5.1/pico-sdk/src/rp2_common/hardware_irq/irq.c.obj
                0x10001a68                irq_set_mask_enabled
 .text.irq_set_enabled
                0x10001a88        0xe ohashi-v2/CMakeFiles/ohashi-v2.dir/C_/Program_Files/Raspberry_Pi/Pico_SDK_v1.5.1/pico-sdk/src/rp2_common/hardware_irq/irq.c.obj
                0x10001a88                irq_set_enabled
 *fill*         0x10001a96        0x2 
 .text.irq_set_pending
                0x10001a98       0x10 ohashi-v2/CMakeFiles/ohashi-v2.dir/C_/Program_Files/Raspberry_Pi/Pico_SDK_v1.5.1/pico-sdk/src/rp2_common/hardware_irq/irq.c.obj
                0x10001a98                irq_set_pending
 .text.irq_get_vtable_handler
                0x10001aa8       0x10 ohashi-v2/CMakeFiles/ohashi-v2.dir/C_/Program_Files/Raspberry_Pi/Pico_SDK_v1.5.1/pico-sdk/src/rp2_common/hardware_irq/irq.c.obj
                0x10001aa8                irq_get_vtable_handler
 .text.irq_has_shared_handler
                0x10001ab8       0x24 ohashi-v2/CMakeFiles/ohashi-v2.dir/C_/Program_Files/Raspberry_Pi/Pico_SDK_v1.5.1/pico-sdk/src/rp2_common/hardware_irq/irq.c.obj
                0x10001ab8                irq_has_shared_handler
 .text.irq_set_exclusive_handler
                0x10001adc       0x54 ohashi-v2/CMakeFiles/ohashi-v2.dir/C_/Program_Files/Raspberry_Pi/Pico_SDK_v1.5.1/pico-sdk/src/rp2_common/hardware_irq/irq.c.obj
                0x10001adc                irq_set_exclusive_handler
 .text.irq_add_shared_handler
                0x10001b30      0x234 ohashi-v2/CMakeFiles/ohashi-v2.dir/C_/Program_Files/Raspberry_Pi/Pico_SDK_v1.5.1/pico-sdk/src/rp2_common/hardware_irq/irq.c.obj
                0x10001b30                irq_add_shared_handler
 .text.irq_remove_handler
                0x10001d64      0x1ac ohashi-v2/CMakeFiles/ohashi-v2.dir/C_/Program_Files/Raspberry_Pi/Pico_SDK_v1.5.1/pico-sdk/src/rp2_common/hardware_irq/irq.c.obj
                0x10001d64                irq_remove_handler
 .text.irq_add_tail_to_free_list
                0x10001f10       0xf0 ohashi-v2/CMakeFiles/ohashi-v2.dir/C_/Program_Files/Raspberry_Pi/Pico_SDK_v1.5.1/pico-sdk/src/rp2_common/hardware_irq/irq.c.obj
                0x10001f10                irq_add_tail_to_free_list
 .text.irq_init_priorities
                0x10002000       0x1c ohashi-v2/CMakeFiles/ohashi-v2.dir/C_/Program_Files/Raspberry_Pi/Pico_SDK_v1.5.1/pico-sdk/src/rp2_common/hardware_irq/irq.c.obj
                0x10002000                irq_init_priorities
 .text.user_irq_claim_unused
                0x1000201c       0x28 ohashi-v2/CMakeFiles/ohashi-v2.dir/C_/Program_Files/Raspberry_Pi/Pico_SDK_v1.5.1/pico-sdk/src/rp2_common/hardware_irq/irq.c.obj
                0x1000201c                user_irq_claim_unused
 .text.lock_init
                0x10002044       0x10 ohashi-v2/CMakeFiles/ohashi-v2.dir/C_/Program_Files/Raspberry_Pi/Pico_SDK_v1.5.1/pico-sdk/src/common/pico_sync/lock_core.c.obj
                0x10002044                lock_init
 .text.mutex_init
                0x10002054       0x1a ohashi-v2/CMakeFiles/ohashi-v2.dir/C_/Program_Files/Raspberry_Pi/Pico_SDK_v1.5.1/pico-sdk/src/common/pico_sync/mutex.c.obj
                0x10002054                mutex_init
 .text.recursive_mutex_init
                0x1000206e       0x1e ohashi-v2/CMakeFiles/ohashi-v2.dir/C_/Program_Files/Raspberry_Pi/Pico_SDK_v1.5.1/pico-sdk/src/common/pico_sync/mutex.c.obj
                0x1000206e                recursive_mutex_init
 .text.critical_section_init_with_lock_num
                0x1000208c       0x14 ohashi-v2/CMakeFiles/ohashi-v2.dir/C_/Program_Files/Raspberry_Pi/Pico_SDK_v1.5.1/pico-sdk/src/common/pico_sync/critical_section.c.obj
                0x1000208c                critical_section_init_with_lock_num
 .text.critical_section_init
                0x100020a0       0x14 ohashi-v2/CMakeFiles/ohashi-v2.dir/C_/Program_Files/Raspberry_Pi/Pico_SDK_v1.5.1/pico-sdk/src/common/pico_sync/critical_section.c.obj
                0x100020a0                critical_section_init
 .text.alarm_pool_post_alloc_init
                0x100020b4       0x40 ohashi-v2/CMakeFiles/ohashi-v2.dir/C_/Program_Files/Raspberry_Pi/Pico_SDK_v1.5.1/pico-sdk/src/common/pico_time/time.c.obj
 .text.sleep_until_callback
                0x100020f4       0x30 ohashi-v2/CMakeFiles/ohashi-v2.dir/C_/Program_Files/Raspberry_Pi/Pico_SDK_v1.5.1/pico-sdk/src/common/pico_time/time.c.obj
 .text.timer_pool_entry_comparator
                0x10002124       0x7c ohashi-v2/CMakeFiles/ohashi-v2.dir/C_/Program_Files/Raspberry_Pi/Pico_SDK_v1.5.1/pico-sdk/src/common/pico_time/time.c.obj
                0x10002124                timer_pool_entry_comparator
 .text.ph_add_child_node
                0x100021a0       0xa4 ohashi-v2/CMakeFiles/ohashi-v2.dir/C_/Program_Files/Raspberry_Pi/Pico_SDK_v1.5.1/pico-sdk/src/common/pico_time/time.c.obj
 .text.ph_merge_nodes
                0x10002244       0x3e ohashi-v2/CMakeFiles/ohashi-v2.dir/C_/Program_Files/Raspberry_Pi/Pico_SDK_v1.5.1/pico-sdk/src/common/pico_time/time.c.obj
 *fill*         0x10002282        0x2 
 .text.add_alarm_under_lock
                0x10002284      0x174 ohashi-v2/CMakeFiles/ohashi-v2.dir/C_/Program_Files/Raspberry_Pi/Pico_SDK_v1.5.1/pico-sdk/src/common/pico_time/time.c.obj
 .text.alarm_pool_alarm_callback
                0x100023f8      0x33c ohashi-v2/CMakeFiles/ohashi-v2.dir/C_/Program_Files/Raspberry_Pi/Pico_SDK_v1.5.1/pico-sdk/src/common/pico_time/time.c.obj
 .text.alarm_pool_init_default
                0x10002734       0x40 ohashi-v2/CMakeFiles/ohashi-v2.dir/C_/Program_Files/Raspberry_Pi/Pico_SDK_v1.5.1/pico-sdk/src/common/pico_time/time.c.obj
                0x10002734                alarm_pool_init_default
 .text.alarm_pool_get_default
                0x10002774       0x2c ohashi-v2/CMakeFiles/ohashi-v2.dir/C_/Program_Files/Raspberry_Pi/Pico_SDK_v1.5.1/pico-sdk/src/common/pico_time/time.c.obj
                0x10002774                alarm_pool_get_default
 .text.alarm_pool_add_alarm_at
                0x100027a0      0x168 ohashi-v2/CMakeFiles/ohashi-v2.dir/C_/Program_Files/Raspberry_Pi/Pico_SDK_v1.5.1/pico-sdk/src/common/pico_time/time.c.obj
                0x100027a0                alarm_pool_add_alarm_at
 .text.alarm_pool_cancel_alarm
                0x10002908       0xf8 ohashi-v2/CMakeFiles/ohashi-v2.dir/C_/Program_Files/Raspberry_Pi/Pico_SDK_v1.5.1/pico-sdk/src/common/pico_time/time.c.obj
                0x10002908                alarm_pool_cancel_alarm
 .text.alarm_pool_core_num
                0x10002a00        0x4 ohashi-v2/CMakeFiles/ohashi-v2.dir/C_/Program_Files/Raspberry_Pi/Pico_SDK_v1.5.1/pico-sdk/src/common/pico_time/time.c.obj
                0x10002a00                alarm_pool_core_num
 .text.sleep_until
                0x10002a04       0xfc ohashi-v2/CMakeFiles/ohashi-v2.dir/C_/Program_Files/Raspberry_Pi/Pico_SDK_v1.5.1/pico-sdk/src/common/pico_time/time.c.obj
                0x10002a04                sleep_until
 .text.sleep_us
                0x10002b00       0x58 ohashi-v2/CMakeFiles/ohashi-v2.dir/C_/Program_Files/Raspberry_Pi/Pico_SDK_v1.5.1/pico-sdk/src/common/pico_time/time.c.obj
                0x10002b00                sleep_us
 .text.sleep_ms
                0x10002b58       0x14 ohashi-v2/CMakeFiles/ohashi-v2.dir/C_/Program_Files/Raspberry_Pi/Pico_SDK_v1.5.1/pico-sdk/src/common/pico_time/time.c.obj
                0x10002b58                sleep_ms
 .text.best_effort_wfe_or_timeout
                0x10002b6c       0xac ohashi-v2/CMakeFiles/ohashi-v2.dir/C_/Program_Files/Raspberry_Pi/Pico_SDK_v1.5.1/pico-sdk/src/common/pico_time/time.c.obj
                0x10002b6c                best_effort_wfe_or_timeout
 .text.hardware_alarm_irq_handler
                0x10002c18       0x90 ohashi-v2/CMakeFiles/ohashi-v2.dir/C_/Program_Files/Raspberry_Pi/Pico_SDK_v1.5.1/pico-sdk/src/rp2_common/hardware_timer/timer.c.obj
 .text.hardware_alarm_claim
                0x10002ca8       0x18 ohashi-v2/CMakeFiles/ohashi-v2.dir/C_/Program_Files/Raspberry_Pi/Pico_SDK_v1.5.1/pico-sdk/src/rp2_common/hardware_timer/timer.c.obj
                0x10002ca8                hardware_alarm_claim
 .text.time_us_64
                0x10002cc0       0x18 ohashi-v2/CMakeFiles/ohashi-v2.dir/C_/Program_Files/Raspberry_Pi/Pico_SDK_v1.5.1/pico-sdk/src/rp2_common/hardware_timer/timer.c.obj
                0x10002cc0                time_us_64
 .text.busy_wait_until
                0x10002cd8       0x28 ohashi-v2/CMakeFiles/ohashi-v2.dir/C_/Program_Files/Raspberry_Pi/Pico_SDK_v1.5.1/pico-sdk/src/rp2_common/hardware_timer/timer.c.obj
                0x10002cd8                busy_wait_until
 .text.busy_wait_us
                0x10002d00       0x48 ohashi-v2/CMakeFiles/ohashi-v2.dir/C_/Program_Files/Raspberry_Pi/Pico_SDK_v1.5.1/pico-sdk/src/rp2_common/hardware_timer/timer.c.obj
                0x10002d00                busy_wait_us
 .text.hardware_alarm_set_callback
                0x10002d48       0x90 ohashi-v2/CMakeFiles/ohashi-v2.dir/C_/Program_Files/Raspberry_Pi/Pico_SDK_v1.5.1/pico-sdk/src/rp2_common/hardware_timer/timer.c.obj
                0x10002d48                hardware_alarm_set_callback
 .text.hardware_alarm_set_target
                0x10002dd8       0xe8 ohashi-v2/CMakeFiles/ohashi-v2.dir/C_/Program_Files/Raspberry_Pi/Pico_SDK_v1.5.1/pico-sdk/src/rp2_common/hardware_timer/timer.c.obj
                0x10002dd8                hardware_alarm_set_target
 .text.hardware_alarm_cancel
                0x10002ec0       0x40 ohashi-v2/CMakeFiles/ohashi-v2.dir/C_/Program_Files/Raspberry_Pi/Pico_SDK_v1.5.1/pico-sdk/src/rp2_common/hardware_timer/timer.c.obj
                0x10002ec0                hardware_alarm_cancel
 .text.ph_add_child_node
                0x10002f00       0xa4 ohashi-v2/CMakeFiles/ohashi-v2.dir/C_/Program_Files/Raspberry_Pi/Pico_SDK_v1.5.1/pico-sdk/src/common/pico_util/pheap.c.obj
 .text.ph_merge_nodes
                0x10002fa4       0x3e ohashi-v2/CMakeFiles/ohashi-v2.dir/C_/Program_Files/Raspberry_Pi/Pico_SDK_v1.5.1/pico-sdk/src/common/pico_util/pheap.c.obj
 *fill*         0x10002fe2        0x2 
 .text.ph_clear
                0x10002fe4       0x70 ohashi-v2/CMakeFiles/ohashi-v2.dir/C_/Program_Files/Raspberry_Pi/Pico_SDK_v1.5.1/pico-sdk/src/common/pico_util/pheap.c.obj
                0x10002fe4                ph_clear
 .text.ph_post_alloc_init
                0x10003054        0xe ohashi-v2/CMakeFiles/ohashi-v2.dir/C_/Program_Files/Raspberry_Pi/Pico_SDK_v1.5.1/pico-sdk/src/common/pico_util/pheap.c.obj
                0x10003054                ph_post_alloc_init
 *fill*         0x10003062        0x2 
 .text.ph_merge_two_pass
                0x10003064       0xa8 ohashi-v2/CMakeFiles/ohashi-v2.dir/C_/Program_Files/Raspberry_Pi/Pico_SDK_v1.5.1/pico-sdk/src/common/pico_util/pheap.c.obj
                0x10003064                ph_merge_two_pass
 .text.ph_remove_any_head
                0x1000310c      0x128 ohashi-v2/CMakeFiles/ohashi-v2.dir/C_/Program_Files/Raspberry_Pi/Pico_SDK_v1.5.1/pico-sdk/src/common/pico_util/pheap.c.obj
 .text.ph_remove_head
                0x10003234       0x14 ohashi-v2/CMakeFiles/ohashi-v2.dir/C_/Program_Files/Raspberry_Pi/Pico_SDK_v1.5.1/pico-sdk/src/common/pico_util/pheap.c.obj
                0x10003234                ph_remove_head
 .text.ph_remove_and_free_node
                0x10003248       0xf8 ohashi-v2/CMakeFiles/ohashi-v2.dir/C_/Program_Files/Raspberry_Pi/Pico_SDK_v1.5.1/pico-sdk/src/common/pico_util/pheap.c.obj
                0x10003248                ph_remove_and_free_node
 .text.uart_disable_before_lcr_write
                0x10003340       0x48 ohashi-v2/CMakeFiles/ohashi-v2.dir/C_/Program_Files/Raspberry_Pi/Pico_SDK_v1.5.1/pico-sdk/src/rp2_common/hardware_uart/uart.c.obj
 .text.uart_write_lcr_bits_masked
                0x10003388       0x22 ohashi-v2/CMakeFiles/ohashi-v2.dir/C_/Program_Files/Raspberry_Pi/Pico_SDK_v1.5.1/pico-sdk/src/rp2_common/hardware_uart/uart.c.obj
 *fill*         0x100033aa        0x2 
 .text.uart_set_baudrate
                0x100033ac       0x5c ohashi-v2/CMakeFiles/ohashi-v2.dir/C_/Program_Files/Raspberry_Pi/Pico_SDK_v1.5.1/pico-sdk/src/rp2_common/hardware_uart/uart.c.obj
                0x100033ac                uart_set_baudrate
 .text.uart_set_format
                0x10003408       0x2c ohashi-v2/CMakeFiles/ohashi-v2.dir/C_/Program_Files/Raspberry_Pi/Pico_SDK_v1.5.1/pico-sdk/src/rp2_common/hardware_uart/uart.c.obj
                0x10003408                uart_set_format
 .text.uart_set_translate_crlf
                0x10003434       0x28 ohashi-v2/CMakeFiles/ohashi-v2.dir/C_/Program_Files/Raspberry_Pi/Pico_SDK_v1.5.1/pico-sdk/src/rp2_common/hardware_uart/uart.c.obj
                0x10003434                uart_set_translate_crlf
 .text.uart_init
                0x1000345c       0x80 ohashi-v2/CMakeFiles/ohashi-v2.dir/C_/Program_Files/Raspberry_Pi/Pico_SDK_v1.5.1/pico-sdk/src/rp2_common/hardware_uart/uart.c.obj
                0x1000345c                uart_init
 .text.clock_configure
                0x100034dc      0x108 ohashi-v2/CMakeFiles/ohashi-v2.dir/C_/Program_Files/Raspberry_Pi/Pico_SDK_v1.5.1/pico-sdk/src/rp2_common/hardware_clocks/clocks.c.obj
                0x100034dc                clock_configure
 .text.clocks_init
                0x100035e4      0x100 ohashi-v2/CMakeFiles/ohashi-v2.dir/C_/Program_Files/Raspberry_Pi/Pico_SDK_v1.5.1/pico-sdk/src/rp2_common/hardware_clocks/clocks.c.obj
                0x100035e4                clocks_init
 .text.clock_get_hz
                0x100036e4        0xc ohashi-v2/CMakeFiles/ohashi-v2.dir/C_/Program_Files/Raspberry_Pi/Pico_SDK_v1.5.1/pico-sdk/src/rp2_common/hardware_clocks/clocks.c.obj
                0x100036e4                clock_get_hz
 .text.pll_init
                0x100036f0      0x120 ohashi-v2/CMakeFiles/ohashi-v2.dir/C_/Program_Files/Raspberry_Pi/Pico_SDK_v1.5.1/pico-sdk/src/rp2_common/hardware_pll/pll.c.obj
                0x100036f0                pll_init
 .text.watchdog_start_tick
                0x10003810       0x10 ohashi-v2/CMakeFiles/ohashi-v2.dir/C_/Program_Files/Raspberry_Pi/Pico_SDK_v1.5.1/pico-sdk/src/rp2_common/hardware_watchdog/watchdog.c.obj
                0x10003810                watchdog_start_tick
 .text.watchdog_update
                0x10003820       0x14 ohashi-v2/CMakeFiles/ohashi-v2.dir/C_/Program_Files/Raspberry_Pi/Pico_SDK_v1.5.1/pico-sdk/src/rp2_common/hardware_watchdog/watchdog.c.obj
                0x10003820                watchdog_update
 .text._watchdog_enable
                0x10003834       0x78 ohashi-v2/CMakeFiles/ohashi-v2.dir/C_/Program_Files/Raspberry_Pi/Pico_SDK_v1.5.1/pico-sdk/src/rp2_common/hardware_watchdog/watchdog.c.obj
                0x10003834                _watchdog_enable
 .text.watchdog_reboot
                0x100038ac       0x48 ohashi-v2/CMakeFiles/ohashi-v2.dir/C_/Program_Files/Raspberry_Pi/Pico_SDK_v1.5.1/pico-sdk/src/rp2_common/hardware_watchdog/watchdog.c.obj
                0x100038ac                watchdog_reboot
 .text.xosc_init
                0x100038f4       0x28 ohashi-v2/CMakeFiles/ohashi-v2.dir/C_/Program_Files/Raspberry_Pi/Pico_SDK_v1.5.1/pico-sdk/src/rp2_common/hardware_xosc/xosc.c.obj
                0x100038f4                xosc_init
 .text._exit    0x1000391c        0x4 ohashi-v2/CMakeFiles/ohashi-v2.dir/C_/Program_Files/Raspberry_Pi/Pico_SDK_v1.5.1/pico-sdk/src/rp2_common/pico_runtime/runtime.c.obj
                0x1000391c                _exit
 .text._sbrk    0x10003920       0x38 ohashi-v2/CMakeFiles/ohashi-v2.dir/C_/Program_Files/Raspberry_Pi/Pico_SDK_v1.5.1/pico-sdk/src/rp2_common/pico_runtime/runtime.c.obj
                0x10003920                _sbrk
 .text._getpid  0x10003958        0x4 ohashi-v2/CMakeFiles/ohashi-v2.dir/C_/Program_Files/Raspberry_Pi/Pico_SDK_v1.5.1/pico-sdk/src/rp2_common/pico_runtime/runtime.c.obj
                0x10003958                _getpid
 .text._kill    0x1000395c        0x6 ohashi-v2/CMakeFiles/ohashi-v2.dir/C_/Program_Files/Raspberry_Pi/Pico_SDK_v1.5.1/pico-sdk/src/rp2_common/pico_runtime/runtime.c.obj
                0x1000395c                _kill
 .text.exit     0x10003962        0x6 ohashi-v2/CMakeFiles/ohashi-v2.dir/C_/Program_Files/Raspberry_Pi/Pico_SDK_v1.5.1/pico-sdk/src/rp2_common/pico_runtime/runtime.c.obj
                0x10003962                exit
 .text.__assert_func
                0x10003968       0x3c ohashi-v2/CMakeFiles/ohashi-v2.dir/C_/Program_Files/Raspberry_Pi/Pico_SDK_v1.5.1/pico-sdk/src/rp2_common/pico_runtime/runtime.c.obj
                0x10003968                __assert_func
 .text.runtime_init
                0x100039a4       0xf8 ohashi-v2/CMakeFiles/ohashi-v2.dir/C_/Program_Files/Raspberry_Pi/Pico_SDK_v1.5.1/pico-sdk/src/rp2_common/pico_runtime/runtime.c.obj
                0x100039a4                runtime_init
 .text.panic    0x10003a9c       0x30 ohashi-v2/CMakeFiles/ohashi-v2.dir/C_/Program_Files/Raspberry_Pi/Pico_SDK_v1.5.1/pico-sdk/src/rp2_common/pico_runtime/runtime.c.obj
                0x10003a9c                panic
 .text._out_buffer
                0x10003acc        0x8 ohashi-v2/CMakeFiles/ohashi-v2.dir/C_/Program_Files/Raspberry_Pi/Pico_SDK_v1.5.1/pico-sdk/src/rp2_common/pico_printf/printf.c.obj
 .text._out_null
                0x10003ad4        0x2 ohashi-v2/CMakeFiles/ohashi-v2.dir/C_/Program_Files/Raspberry_Pi/Pico_SDK_v1.5.1/pico-sdk/src/rp2_common/pico_printf/printf.c.obj
 .text._out_fct
                0x10003ad6        0xe ohashi-v2/CMakeFiles/ohashi-v2.dir/C_/Program_Files/Raspberry_Pi/Pico_SDK_v1.5.1/pico-sdk/src/rp2_common/pico_printf/printf.c.obj
 .text._atoi    0x10003ae4       0x24 ohashi-v2/CMakeFiles/ohashi-v2.dir/C_/Program_Files/Raspberry_Pi/Pico_SDK_v1.5.1/pico-sdk/src/rp2_common/pico_printf/printf.c.obj
 .text._out_rev
                0x10003b08       0xae ohashi-v2/CMakeFiles/ohashi-v2.dir/C_/Program_Files/Raspberry_Pi/Pico_SDK_v1.5.1/pico-sdk/src/rp2_common/pico_printf/printf.c.obj
 .text._ntoa_format
                0x10003bb6      0x112 ohashi-v2/CMakeFiles/ohashi-v2.dir/C_/Program_Files/Raspberry_Pi/Pico_SDK_v1.5.1/pico-sdk/src/rp2_common/pico_printf/printf.c.obj
 .text._ntoa_long
                0x10003cc8       0xbc ohashi-v2/CMakeFiles/ohashi-v2.dir/C_/Program_Files/Raspberry_Pi/Pico_SDK_v1.5.1/pico-sdk/src/rp2_common/pico_printf/printf.c.obj
 .text._ntoa_long_long
                0x10003d84       0xe2 ohashi-v2/CMakeFiles/ohashi-v2.dir/C_/Program_Files/Raspberry_Pi/Pico_SDK_v1.5.1/pico-sdk/src/rp2_common/pico_printf/printf.c.obj
 *fill*         0x10003e66        0x2 
 .text._etoa    0x10003e68      0x414 ohashi-v2/CMakeFiles/ohashi-v2.dir/C_/Program_Files/Raspberry_Pi/Pico_SDK_v1.5.1/pico-sdk/src/rp2_common/pico_printf/printf.c.obj
 .text._ftoa    0x1000427c      0x354 ohashi-v2/CMakeFiles/ohashi-v2.dir/C_/Program_Files/Raspberry_Pi/Pico_SDK_v1.5.1/pico-sdk/src/rp2_common/pico_printf/printf.c.obj
 .text._vsnprintf
                0x100045d0      0x624 ohashi-v2/CMakeFiles/ohashi-v2.dir/C_/Program_Files/Raspberry_Pi/Pico_SDK_v1.5.1/pico-sdk/src/rp2_common/pico_printf/printf.c.obj
 .text.__wrap_sprintf
                0x10004bf4       0x28 ohashi-v2/CMakeFiles/ohashi-v2.dir/C_/Program_Files/Raspberry_Pi/Pico_SDK_v1.5.1/pico-sdk/src/rp2_common/pico_printf/printf.c.obj
                0x10004bf4                __wrap_sprintf
 .text.vfctprintf
                0x10004c1c       0x20 ohashi-v2/CMakeFiles/ohashi-v2.dir/C_/Program_Files/Raspberry_Pi/Pico_SDK_v1.5.1/pico-sdk/src/rp2_common/pico_printf/printf.c.obj
                0x10004c1c                vfctprintf
 .text          0x10004c3c       0x10 ohashi-v2/CMakeFiles/ohashi-v2.dir/C_/Program_Files/Raspberry_Pi/Pico_SDK_v1.5.1/pico-sdk/src/rp2_common/pico_bit_ops/bit_ops_aeabi.S.obj
 .text.rom_func_lookup
                0x10004c4c       0x10 ohashi-v2/CMakeFiles/ohashi-v2.dir/C_/Program_Files/Raspberry_Pi/Pico_SDK_v1.5.1/pico-sdk/src/rp2_common/pico_bootrom/bootrom.c.obj
                0x10004c4c                rom_func_lookup
 .text.rom_data_lookup
                0x10004c5c       0x10 ohashi-v2/CMakeFiles/ohashi-v2.dir/C_/Program_Files/Raspberry_Pi/Pico_SDK_v1.5.1/pico-sdk/src/rp2_common/pico_bootrom/bootrom.c.obj
                0x10004c5c                rom_data_lookup
 .text.rom_funcs_lookup
                0x10004c6c       0x36 ohashi-v2/CMakeFiles/ohashi-v2.dir/C_/Program_Files/Raspberry_Pi/Pico_SDK_v1.5.1/pico-sdk/src/rp2_common/pico_bootrom/bootrom.c.obj
                0x10004c6c                rom_funcs_lookup
 *fill*         0x10004ca2        0x2 
 .text.__wrap___aeabi_idiv
                0x10004ca4       0x50 ohashi-v2/CMakeFiles/ohashi-v2.dir/C_/Program_Files/Raspberry_Pi/Pico_SDK_v1.5.1/pico-sdk/src/rp2_common/pico_divider/divider.S.obj
                0x10004ca4                __wrap___aeabi_idivmod
                0x10004ca4                divmod_s32s32
                0x10004ca4                div_s32s32
                0x10004ca4                __wrap___aeabi_idiv
                0x10004cac                divmod_s32s32_unsafe
                0x10004cd8                divmod_s32s32_savestate
 .text.__wrap___aeabi_uidiv
                0x10004cf4       0x4c ohashi-v2/CMakeFiles/ohashi-v2.dir/C_/Program_Files/Raspberry_Pi/Pico_SDK_v1.5.1/pico-sdk/src/rp2_common/pico_divider/divider.S.obj
                0x10004cf4                __wrap___aeabi_uidiv
                0x10004cf4                __wrap___aeabi_uidivmod
                0x10004cf4                div_u32u32
                0x10004cf4                divmod_u32u32
                0x10004cfc                divmod_u32u32_unsafe
                0x10004d24                divmod_u32u32_savestate
 .text.__wrap___aeabi_ldiv
                0x10004d40      0x424 ohashi-v2/CMakeFiles/ohashi-v2.dir/C_/Program_Files/Raspberry_Pi/Pico_SDK_v1.5.1/pico-sdk/src/rp2_common/pico_divider/divider.S.obj
                0x10004d40                div_s64s64
                0x10004d40                divmod_s64s64
                0x10004d40                __wrap___aeabi_ldivmod
                0x10004d70                divmod_u64u64
                0x10004d70                div_u64u64
                0x10004d70                __wrap___aeabi_uldivmod
                0x10004d80                divmod_u64u64_savestate
                0x10004da0                divmod_s64s64_unsafe
                0x10004e28                divmod_u64u64_unsafe
 .text.push_r8_r11
                0x10005164        0xc ohashi-v2/CMakeFiles/ohashi-v2.dir/C_/Program_Files/Raspberry_Pi/Pico_SDK_v1.5.1/pico-sdk/src/rp2_common/pico_double/double_aeabi.S.obj
                0x10005164                push_r8_r11
 .text.pop_r8_r11
                0x10005170        0xc ohashi-v2/CMakeFiles/ohashi-v2.dir/C_/Program_Files/Raspberry_Pi/Pico_SDK_v1.5.1/pico-sdk/src/rp2_common/pico_double/double_aeabi.S.obj
                0x10005170                pop_r8_r11
 .text.__wrap___aeabi_darithmetic
                0x1000517c       0x80 ohashi-v2/CMakeFiles/ohashi-v2.dir/C_/Program_Files/Raspberry_Pi/Pico_SDK_v1.5.1/pico-sdk/src/rp2_common/pico_double/double_aeabi.S.obj
                0x1000517c                __wrap___aeabi_drsub
                0x10005182                __wrap___aeabi_dsub
                0x10005194                __wrap___aeabi_dadd
                0x100051a6                __wrap___aeabi_ddiv
                0x100051e2                __wrap___aeabi_dmul
 .text.__wrap___aeabi_cdcmple
                0x100051fc       0x6c ohashi-v2/CMakeFiles/ohashi-v2.dir/C_/Program_Files/Raspberry_Pi/Pico_SDK_v1.5.1/pico-sdk/src/rp2_common/pico_double/double_aeabi.S.obj
                0x100051fc                __wrap___aeabi_cdrcmple
                0x1000520c                __wrap___aeabi_cdcmpeq
                0x1000520c                __wrap___aeabi_cdcmple
 .text.__wrap___aeabi_dcmplt
                0x10005268        0xc ohashi-v2/CMakeFiles/ohashi-v2.dir/C_/Program_Files/Raspberry_Pi/Pico_SDK_v1.5.1/pico-sdk/src/rp2_common/pico_double/double_aeabi.S.obj
                0x10005268                __wrap___aeabi_dcmplt
 .text.__wrap___aeabi_dcmple
                0x10005274       0x10 ohashi-v2/CMakeFiles/ohashi-v2.dir/C_/Program_Files/Raspberry_Pi/Pico_SDK_v1.5.1/pico-sdk/src/rp2_common/pico_double/double_aeabi.S.obj
                0x10005274                __wrap___aeabi_dcmple
 .text.__wrap___aeabi_dcmpge
                0x10005284       0x10 ohashi-v2/CMakeFiles/ohashi-v2.dir/C_/Program_Files/Raspberry_Pi/Pico_SDK_v1.5.1/pico-sdk/src/rp2_common/pico_double/double_aeabi.S.obj
                0x10005284                __wrap___aeabi_dcmpge
 .text.__wrap___aeabi_dcmpgt
                0x10005294        0xa ohashi-v2/CMakeFiles/ohashi-v2.dir/C_/Program_Files/Raspberry_Pi/Pico_SDK_v1.5.1/pico-sdk/src/rp2_common/pico_double/double_aeabi.S.obj
                0x10005294                __wrap___aeabi_dcmpgt
 .text.__wrap___aeabi_dcmpun
                0x1000529e       0x1c ohashi-v2/CMakeFiles/ohashi-v2.dir/C_/Program_Files/Raspberry_Pi/Pico_SDK_v1.5.1/pico-sdk/src/rp2_common/pico_double/double_aeabi.S.obj
                0x1000529e                __wrap___aeabi_dcmpun
 *fill*         0x100052ba        0x2 
 .text.__wrap___aeabi_i2d
                0x100052bc       0x38 ohashi-v2/CMakeFiles/ohashi-v2.dir/C_/Program_Files/Raspberry_Pi/Pico_SDK_v1.5.1/pico-sdk/src/rp2_common/pico_double/double_aeabi.S.obj
                0x100052bc                __wrap___aeabi_ui2d
                0x100052c4                __wrap___aeabi_i2d
 .text.__wrap___aeabi_d2iz
                0x100052f4       0x48 ohashi-v2/CMakeFiles/ohashi-v2.dir/C_/Program_Files/Raspberry_Pi/Pico_SDK_v1.5.1/pico-sdk/src/rp2_common/pico_double/double_aeabi.S.obj
                0x100052f4                double2int_z
                0x100052f4                __wrap___aeabi_d2iz
 .text.__wrap___aeabi_d2uiz
                0x1000533c       0x18 ohashi-v2/CMakeFiles/ohashi-v2.dir/C_/Program_Files/Raspberry_Pi/Pico_SDK_v1.5.1/pico-sdk/src/rp2_common/pico_double/double_aeabi.S.obj
                0x1000533c                __wrap___aeabi_d2uiz
                0x1000533c                double2uint
 .text.fix642double
                0x10005354       0x18 ohashi-v2/CMakeFiles/ohashi-v2.dir/C_/Program_Files/Raspberry_Pi/Pico_SDK_v1.5.1/pico-sdk/src/rp2_common/pico_double/double_aeabi.S.obj
                0x10005354                fix642double
 .text.__wrap___aeabi_d2f
                0x1000536c       0x18 ohashi-v2/CMakeFiles/ohashi-v2.dir/C_/Program_Files/Raspberry_Pi/Pico_SDK_v1.5.1/pico-sdk/src/rp2_common/pico_double/double_aeabi.S.obj
                0x1000536c                __wrap___aeabi_d2f
 .text.__wrap_srqt
                0x10005384       0x18 ohashi-v2/CMakeFiles/ohashi-v2.dir/C_/Program_Files/Raspberry_Pi/Pico_SDK_v1.5.1/pico-sdk/src/rp2_common/pico_double/double_aeabi.S.obj
                0x10005384                __wrap_sqrt
 .text.__wrap_sincostan_remainder
                0x1000539c       0x14 ohashi-v2/CMakeFiles/ohashi-v2.dir/C_/Program_Files/Raspberry_Pi/Pico_SDK_v1.5.1/pico-sdk/src/rp2_common/pico_double/double_aeabi.S.obj
                0x1000539c                sincostan_remainder
 .text.__wrap_sin
                0x100053b0       0x2c ohashi-v2/CMakeFiles/ohashi-v2.dir/C_/Program_Files/Raspberry_Pi/Pico_SDK_v1.5.1/pico-sdk/src/rp2_common/pico_double/double_aeabi.S.obj
                0x100053b0                __wrap_sin
 .text.__wrap_atan2
                0x100053dc       0x18 ohashi-v2/CMakeFiles/ohashi-v2.dir/C_/Program_Files/Raspberry_Pi/Pico_SDK_v1.5.1/pico-sdk/src/rp2_common/pico_double/double_aeabi.S.obj
                0x100053dc                __wrap_atan2
 .text.__aeabi_double_init
                0x100053f4       0xc8 ohashi-v2/CMakeFiles/ohashi-v2.dir/C_/Program_Files/Raspberry_Pi/Pico_SDK_v1.5.1/pico-sdk/src/rp2_common/pico_double/double_init_rom.c.obj
                0x100053f4                __aeabi_double_init
 .text.drem_0   0x100054bc      0x130 ohashi-v2/CMakeFiles/ohashi-v2.dir/C_/Program_Files/Raspberry_Pi/Pico_SDK_v1.5.1/pico-sdk/src/rp2_common/pico_double/double_math.c.obj
 .text.__wrap_remquo
                0x100055ec      0x17c ohashi-v2/CMakeFiles/ohashi-v2.dir/C_/Program_Files/Raspberry_Pi/Pico_SDK_v1.5.1/pico-sdk/src/rp2_common/pico_double/double_math.c.obj
                0x100055ec                __wrap_remquo
 .text.__wrap_remainder
                0x10005768       0x10 ohashi-v2/CMakeFiles/ohashi-v2.dir/C_/Program_Files/Raspberry_Pi/Pico_SDK_v1.5.1/pico-sdk/src/rp2_common/pico_double/double_math.c.obj
                0x10005768                __wrap_remainder
 .text.double_table_shim_on_use_helper
                0x10005778       0x34 ohashi-v2/CMakeFiles/ohashi-v2.dir/C_/Program_Files/Raspberry_Pi/Pico_SDK_v1.5.1/pico-sdk/src/rp2_common/pico_double/double_v1_rom_shim.S.obj
                0x10005778                double_table_shim_on_use_helper
 .text.__wrap___aeabi_dsub
                0x100057ac       0x10 ohashi-v2/CMakeFiles/ohashi-v2.dir/C_/Program_Files/Raspberry_Pi/Pico_SDK_v1.5.1/pico-sdk/src/rp2_common/pico_double/double_v1_rom_shim.S.obj
                0x100057ac                drsub_shim
                0x100057b2                dsub_shim
 .text.dadd_shim
                0x100057bc      0x15c ohashi-v2/CMakeFiles/ohashi-v2.dir/C_/Program_Files/Raspberry_Pi/Pico_SDK_v1.5.1/pico-sdk/src/rp2_common/pico_double/double_v1_rom_shim.S.obj
                0x100057bc                dadd_shim
 .text.dmul_shim
                0x10005918      0x15c ohashi-v2/CMakeFiles/ohashi-v2.dir/C_/Program_Files/Raspberry_Pi/Pico_SDK_v1.5.1/pico-sdk/src/rp2_common/pico_double/double_v1_rom_shim.S.obj
                0x10005918                dmul_shim
 .text.ddiv_shim
                0x10005a74      0x1b0 ohashi-v2/CMakeFiles/ohashi-v2.dir/C_/Program_Files/Raspberry_Pi/Pico_SDK_v1.5.1/pico-sdk/src/rp2_common/pico_double/double_v1_rom_shim.S.obj
                0x10005a74                ddiv_shim
 .text.dsqrt_shim
                0x10005c24      0x1a8 ohashi-v2/CMakeFiles/ohashi-v2.dir/C_/Program_Files/Raspberry_Pi/Pico_SDK_v1.5.1/pico-sdk/src/rp2_common/pico_double/double_v1_rom_shim.S.obj
                0x10005c40                dsqrt_shim
 .text.dcordic_vec_step
                0x10005dcc        0xe ohashi-v2/CMakeFiles/ohashi-v2.dir/C_/Program_Files/Raspberry_Pi/Pico_SDK_v1.5.1/pico-sdk/src/rp2_common/pico_double/double_v1_rom_shim.S.obj
                0x10005dcc                dcordic_vec_step
 .text.dcordic_rot_step
                0x10005dda       0x76 ohashi-v2/CMakeFiles/ohashi-v2.dir/C_/Program_Files/Raspberry_Pi/Pico_SDK_v1.5.1/pico-sdk/src/rp2_common/pico_double/double_v1_rom_shim.S.obj
                0x10005dda                dcordic_rot_step
 .text.double2uint_shim
                0x10005e50        0xe ohashi-v2/CMakeFiles/ohashi-v2.dir/C_/Program_Files/Raspberry_Pi/Pico_SDK_v1.5.1/pico-sdk/src/rp2_common/pico_double/double_v1_rom_shim.S.obj
                0x10005e50                double2uint_shim
                0x10005e52                double2ufix_shim
 .text.double2int64_shim
                0x10005e5e       0x1a ohashi-v2/CMakeFiles/ohashi-v2.dir/C_/Program_Files/Raspberry_Pi/Pico_SDK_v1.5.1/pico-sdk/src/rp2_common/pico_double/double_v1_rom_shim.S.obj
                0x10005e5e                double2int64_shim
                0x10005e60                double2fix64_shim
 .text.double2uint64_shim
                0x10005e78       0x70 ohashi-v2/CMakeFiles/ohashi-v2.dir/C_/Program_Files/Raspberry_Pi/Pico_SDK_v1.5.1/pico-sdk/src/rp2_common/pico_double/double_v1_rom_shim.S.obj
                0x10005e78                double2uint64_shim
                0x10005e7a                double2ufix64_shim
                0x10005e9a                d2fix_a
 .text.double2float_shim
                0x10005ee8       0x5c ohashi-v2/CMakeFiles/ohashi-v2.dir/C_/Program_Files/Raspberry_Pi/Pico_SDK_v1.5.1/pico-sdk/src/rp2_common/pico_double/double_v1_rom_shim.S.obj
                0x10005ee8                double2float_shim
 .text.x2double_shims
                0x10005f44       0x90 ohashi-v2/CMakeFiles/ohashi-v2.dir/C_/Program_Files/Raspberry_Pi/Pico_SDK_v1.5.1/pico-sdk/src/rp2_common/pico_double/double_v1_rom_shim.S.obj
                0x10005f44                uint2double_shim
                0x10005f46                ufix2double_shim
                0x10005f4c                int2double_shim
                0x10005f4e                fix2double_shim
                0x10005f54                uint642double_shim
                0x10005f56                ufix642double_shim
                0x10005f5c                int642double_shim
                0x10005f5e                fix642double_shim
 .text.dunpacks
                0x10005fd4       0x3c ohashi-v2/CMakeFiles/ohashi-v2.dir/C_/Program_Files/Raspberry_Pi/Pico_SDK_v1.5.1/pico-sdk/src/rp2_common/pico_double/double_v1_rom_shim.S.obj
                0x10005fd4                dunpacks
 .text.dreduce  0x10006010       0x82 ohashi-v2/CMakeFiles/ohashi-v2.dir/C_/Program_Files/Raspberry_Pi/Pico_SDK_v1.5.1/pico-sdk/src/rp2_common/pico_double/double_v1_rom_shim.S.obj
                0x10006010                dreduce
 .text.dsin_shim
                0x10006092       0x14 ohashi-v2/CMakeFiles/ohashi-v2.dir/C_/Program_Files/Raspberry_Pi/Pico_SDK_v1.5.1/pico-sdk/src/rp2_common/pico_double/double_v1_rom_shim.S.obj
                0x10006092                dsin_shim
 *fill*         0x100060a6        0x2 
 .text.dtrig_guts
                0x100060a8      0x2ec ohashi-v2/CMakeFiles/ohashi-v2.dir/C_/Program_Files/Raspberry_Pi/Pico_SDK_v1.5.1/pico-sdk/src/rp2_common/pico_double/double_v1_rom_shim.S.obj
                0x10006180                datan2_shim
 .text.__aeabi_lmul
                0x10006394       0x32 ohashi-v2/CMakeFiles/ohashi-v2.dir/C_/Program_Files/Raspberry_Pi/Pico_SDK_v1.5.1/pico-sdk/src/rp2_common/pico_int64_ops/pico_int64_ops_aeabi.S.obj
                0x10006394                __wrap___aeabi_lmul
 *fill*         0x100063c6        0x2 
 .text.__wrap___aeabi_farithmetic
                0x100063c8       0x58 ohashi-v2/CMakeFiles/ohashi-v2.dir/C_/Program_Files/Raspberry_Pi/Pico_SDK_v1.5.1/pico-sdk/src/rp2_common/pico_float/float_aeabi.S.obj
                0x100063c8                __wrap___aeabi_frsub
                0x100063ce                __wrap___aeabi_fsub
                0x100063d8                __wrap___aeabi_fadd
                0x100063e2                __wrap___aeabi_fdiv
                0x1000640e                __wrap___aeabi_fmul
 .text.__wrap___aeabi_cfcmple
                0x10006420       0x50 ohashi-v2/CMakeFiles/ohashi-v2.dir/C_/Program_Files/Raspberry_Pi/Pico_SDK_v1.5.1/pico-sdk/src/rp2_common/pico_float/float_aeabi.S.obj
                0x10006420                __wrap___aeabi_cfrcmple
                0x1000642c                __wrap___aeabi_cfcmple
                0x1000642c                __wrap___aeabi_cfcmpeq
 .text.__wrap___aeabi_fcmplt
                0x10006470        0xc ohashi-v2/CMakeFiles/ohashi-v2.dir/C_/Program_Files/Raspberry_Pi/Pico_SDK_v1.5.1/pico-sdk/src/rp2_common/pico_float/float_aeabi.S.obj
                0x10006470                __wrap___aeabi_fcmplt
 .text.__wrap___aeabi_fcmpgt
                0x1000647c        0xa ohashi-v2/CMakeFiles/ohashi-v2.dir/C_/Program_Files/Raspberry_Pi/Pico_SDK_v1.5.1/pico-sdk/src/rp2_common/pico_float/float_aeabi.S.obj
                0x1000647c                __wrap___aeabi_fcmpgt
 .text.__wrap___aeabi_ui2f
                0x10006486        0xa ohashi-v2/CMakeFiles/ohashi-v2.dir/C_/Program_Files/Raspberry_Pi/Pico_SDK_v1.5.1/pico-sdk/src/rp2_common/pico_float/float_aeabi.S.obj
                0x10006486                __wrap___aeabi_ui2f
 .text.__wrap___aeabi_i2f
                0x10006490       0x44 ohashi-v2/CMakeFiles/ohashi-v2.dir/C_/Program_Files/Raspberry_Pi/Pico_SDK_v1.5.1/pico-sdk/src/rp2_common/pico_float/float_aeabi.S.obj
                0x10006490                __wrap___aeabi_i2f
 .text.__wrap___aeabi_f2iz
                0x100064d4       0x4e ohashi-v2/CMakeFiles/ohashi-v2.dir/C_/Program_Files/Raspberry_Pi/Pico_SDK_v1.5.1/pico-sdk/src/rp2_common/pico_float/float_aeabi.S.obj
                0x100064d4                float2int_z
                0x100064d4                __wrap___aeabi_f2iz
 *fill*         0x10006522        0x2 
 .text.float2int
                0x10006524       0x14 ohashi-v2/CMakeFiles/ohashi-v2.dir/C_/Program_Files/Raspberry_Pi/Pico_SDK_v1.5.1/pico-sdk/src/rp2_common/pico_float/float_aeabi.S.obj
                0x10006524                float2int
 .text.__wrap___aeabi_f2uiz
                0x10006538       0x10 ohashi-v2/CMakeFiles/ohashi-v2.dir/C_/Program_Files/Raspberry_Pi/Pico_SDK_v1.5.1/pico-sdk/src/rp2_common/pico_float/float_aeabi.S.obj
                0x10006538                __wrap___aeabi_f2uiz
 .text.fix2float
                0x10006548       0x10 ohashi-v2/CMakeFiles/ohashi-v2.dir/C_/Program_Files/Raspberry_Pi/Pico_SDK_v1.5.1/pico-sdk/src/rp2_common/pico_float/float_aeabi.S.obj
                0x10006548                fix2float
 .text.__wrap___aeabi_f2d
                0x10006558       0x14 ohashi-v2/CMakeFiles/ohashi-v2.dir/C_/Program_Files/Raspberry_Pi/Pico_SDK_v1.5.1/pico-sdk/src/rp2_common/pico_float/float_aeabi.S.obj
                0x10006558                __wrap___aeabi_f2d
 .text.__wrap_cosf
                0x1000656c       0x28 ohashi-v2/CMakeFiles/ohashi-v2.dir/C_/Program_Files/Raspberry_Pi/Pico_SDK_v1.5.1/pico-sdk/src/rp2_common/pico_float/float_aeabi.S.obj
                0x1000656c                __wrap_cosf
 .text.__wrap_sinf
                0x10006594       0x28 ohashi-v2/CMakeFiles/ohashi-v2.dir/C_/Program_Files/Raspberry_Pi/Pico_SDK_v1.5.1/pico-sdk/src/rp2_common/pico_float/float_aeabi.S.obj
                0x10006594                __wrap_sinf
 .text.__wrap_tanf
                0x100065bc       0x50 ohashi-v2/CMakeFiles/ohashi-v2.dir/C_/Program_Files/Raspberry_Pi/Pico_SDK_v1.5.1/pico-sdk/src/rp2_common/pico_float/float_aeabi.S.obj
                0x100065bc                __wrap_tanf
 .text.__aeabi_float_init
                0x1000660c       0xfc ohashi-v2/CMakeFiles/ohashi-v2.dir/C_/Program_Files/Raspberry_Pi/Pico_SDK_v1.5.1/pico-sdk/src/rp2_common/pico_float/float_init_rom.c.obj
                0x1000660c                __aeabi_float_init
 .text.frem_0   0x10006708       0x80 ohashi-v2/CMakeFiles/ohashi-v2.dir/C_/Program_Files/Raspberry_Pi/Pico_SDK_v1.5.1/pico-sdk/src/rp2_common/pico_float/float_math.c.obj
 .text.__wrap_remquof
                0x10006788       0xda ohashi-v2/CMakeFiles/ohashi-v2.dir/C_/Program_Files/Raspberry_Pi/Pico_SDK_v1.5.1/pico-sdk/src/rp2_common/pico_float/float_math.c.obj
                0x10006788                __wrap_remquof
 .text.__wrap_remainderf
                0x10006862        0xa ohashi-v2/CMakeFiles/ohashi-v2.dir/C_/Program_Files/Raspberry_Pi/Pico_SDK_v1.5.1/pico-sdk/src/rp2_common/pico_float/float_math.c.obj
                0x10006862                __wrap_remainderf
 .text.float_table_shim_on_use_helper
                0x1000686c       0x34 ohashi-v2/CMakeFiles/ohashi-v2.dir/C_/Program_Files/Raspberry_Pi/Pico_SDK_v1.5.1/pico-sdk/src/rp2_common/pico_float/float_v1_rom_shim.S.obj
                0x1000686c                float_table_shim_on_use_helper
 .text.float232_shims
                0x100068a0       0x18 ohashi-v2/CMakeFiles/ohashi-v2.dir/C_/Program_Files/Raspberry_Pi/Pico_SDK_v1.5.1/pico-sdk/src/rp2_common/pico_float/float_v1_rom_shim.S.obj
                0x100068a0                float2int_shim
                0x100068a2                float2fix_shim
 .text.float2double_shim
                0x100068b8       0x30 ohashi-v2/CMakeFiles/ohashi-v2.dir/C_/Program_Files/Raspberry_Pi/Pico_SDK_v1.5.1/pico-sdk/src/rp2_common/pico_float/float_v1_rom_shim.S.obj
                0x100068b8                float2double_shim
 .text.__wrap_malloc
                0x100068e8       0x24 ohashi-v2/CMakeFiles/ohashi-v2.dir/C_/Program_Files/Raspberry_Pi/Pico_SDK_v1.5.1/pico-sdk/src/rp2_common/pico_malloc/pico_malloc.c.obj
                0x100068e8                __wrap_malloc
 .text.__wrap_realloc
                0x1000690c       0x24 ohashi-v2/CMakeFiles/ohashi-v2.dir/C_/Program_Files/Raspberry_Pi/Pico_SDK_v1.5.1/pico-sdk/src/rp2_common/pico_malloc/pico_malloc.c.obj
                0x1000690c                __wrap_realloc
 .text.__wrap_free
                0x10006930        0x8 ohashi-v2/CMakeFiles/ohashi-v2.dir/C_/Program_Files/Raspberry_Pi/Pico_SDK_v1.5.1/pico-sdk/src/rp2_common/pico_malloc/pico_malloc.c.obj
                0x10006930                __wrap_free
 .text          0x10006938       0x10 ohashi-v2/CMakeFiles/ohashi-v2.dir/C_/Program_Files/Raspberry_Pi/Pico_SDK_v1.5.1/pico-sdk/src/rp2_common/pico_mem_ops/mem_ops_aeabi.S.obj
                0x10006938                __aeabi_mem_init
 .text.memset   0x10006948        0xc ohashi-v2/CMakeFiles/ohashi-v2.dir/C_/Program_Files/Raspberry_Pi/Pico_SDK_v1.5.1/pico-sdk/src/rp2_common/pico_mem_ops/mem_ops_aeabi.S.obj
                0x10006948                __wrap_memset
 .text.memcpy   0x10006954        0xc ohashi-v2/CMakeFiles/ohashi-v2.dir/C_/Program_Files/Raspberry_Pi/Pico_SDK_v1.5.1/pico-sdk/src/rp2_common/pico_mem_ops/mem_ops_aeabi.S.obj
                0x10006954                __wrap_memcpy
                0x10006954                __wrap___aeabi_memcpy
 .text._ZdlPvj  0x10006960        0x8 ohashi-v2/CMakeFiles/ohashi-v2.dir/C_/Program_Files/Raspberry_Pi/Pico_SDK_v1.5.1/pico-sdk/src/rp2_common/pico_standard_link/new_delete.cpp.obj
                0x10006960                operator delete(void*, unsigned int)
 .text.stdio_out_chars_no_crlf
                0x10006968        0xe ohashi-v2/CMakeFiles/ohashi-v2.dir/C_/Program_Files/Raspberry_Pi/Pico_SDK_v1.5.1/pico-sdk/src/rp2_common/pico_stdio/stdio.c.obj
 *fill*         0x10006976        0x2 
 .text.stdio_out_chars_crlf
                0x10006978       0x80 ohashi-v2/CMakeFiles/ohashi-v2.dir/C_/Program_Files/Raspberry_Pi/Pico_SDK_v1.5.1/pico-sdk/src/rp2_common/pico_stdio/stdio.c.obj
 .text.stdio_stack_buffer_flush
                0x100069f8       0x44 ohashi-v2/CMakeFiles/ohashi-v2.dir/C_/Program_Files/Raspberry_Pi/Pico_SDK_v1.5.1/pico-sdk/src/rp2_common/pico_stdio/stdio.c.obj
 .text.stdio_buffered_printer
                0x10006a3c       0x20 ohashi-v2/CMakeFiles/ohashi-v2.dir/C_/Program_Files/Raspberry_Pi/Pico_SDK_v1.5.1/pico-sdk/src/rp2_common/pico_stdio/stdio.c.obj
 .text.stdio_get_until
                0x10006a5c       0x80 ohashi-v2/CMakeFiles/ohashi-v2.dir/C_/Program_Files/Raspberry_Pi/Pico_SDK_v1.5.1/pico-sdk/src/rp2_common/pico_stdio/stdio.c.obj
 .text.stdout_serialize_begin
                0x10006adc       0x5c ohashi-v2/CMakeFiles/ohashi-v2.dir/C_/Program_Files/Raspberry_Pi/Pico_SDK_v1.5.1/pico-sdk/src/rp2_common/pico_stdio/stdio.c.obj
                0x10006adc                stdout_serialize_begin
 .text.stdout_serialize_end
                0x10006b38       0x10 ohashi-v2/CMakeFiles/ohashi-v2.dir/C_/Program_Files/Raspberry_Pi/Pico_SDK_v1.5.1/pico-sdk/src/rp2_common/pico_stdio/stdio.c.obj
                0x10006b38                stdout_serialize_end
 .text.stdio_put_string
                0x10006b48       0x98 ohashi-v2/CMakeFiles/ohashi-v2.dir/C_/Program_Files/Raspberry_Pi/Pico_SDK_v1.5.1/pico-sdk/src/rp2_common/pico_stdio/stdio.c.obj
 .text._read    0x10006be0       0x24 ohashi-v2/CMakeFiles/ohashi-v2.dir/C_/Program_Files/Raspberry_Pi/Pico_SDK_v1.5.1/pico-sdk/src/rp2_common/pico_stdio/stdio.c.obj
                0x10006be0                _read
 .text._write   0x10006c04       0x22 ohashi-v2/CMakeFiles/ohashi-v2.dir/C_/Program_Files/Raspberry_Pi/Pico_SDK_v1.5.1/pico-sdk/src/rp2_common/pico_stdio/stdio.c.obj
                0x10006c04                _write
 .text._close   0x10006c26        0x6 ohashi-v2/CMakeFiles/ohashi-v2.dir/C_/Program_Files/Raspberry_Pi/Pico_SDK_v1.5.1/pico-sdk/src/rp2_common/pico_stdio/stdio.c.obj
                0x10006c26                _close
 .text._lseek   0x10006c2c        0x6 ohashi-v2/CMakeFiles/ohashi-v2.dir/C_/Program_Files/Raspberry_Pi/Pico_SDK_v1.5.1/pico-sdk/src/rp2_common/pico_stdio/stdio.c.obj
                0x10006c2c                _lseek
 .text._fstat   0x10006c32        0x6 ohashi-v2/CMakeFiles/ohashi-v2.dir/C_/Program_Files/Raspberry_Pi/Pico_SDK_v1.5.1/pico-sdk/src/rp2_common/pico_stdio/stdio.c.obj
                0x10006c32                _fstat
 .text._isatty  0x10006c38        0xc ohashi-v2/CMakeFiles/ohashi-v2.dir/C_/Program_Files/Raspberry_Pi/Pico_SDK_v1.5.1/pico-sdk/src/rp2_common/pico_stdio/stdio.c.obj
                0x10006c38                _isatty
 .text.stdio_set_driver_enabled
                0x10006c44       0x2c ohashi-v2/CMakeFiles/ohashi-v2.dir/C_/Program_Files/Raspberry_Pi/Pico_SDK_v1.5.1/pico-sdk/src/rp2_common/pico_stdio/stdio.c.obj
                0x10006c44                stdio_set_driver_enabled
 .text.stdio_flush
                0x10006c70       0x20 ohashi-v2/CMakeFiles/ohashi-v2.dir/C_/Program_Files/Raspberry_Pi/Pico_SDK_v1.5.1/pico-sdk/src/rp2_common/pico_stdio/stdio.c.obj
                0x10006c70                stdio_flush
 .text.__wrap_puts
                0x10006c90       0x1e ohashi-v2/CMakeFiles/ohashi-v2.dir/C_/Program_Files/Raspberry_Pi/Pico_SDK_v1.5.1/pico-sdk/src/rp2_common/pico_stdio/stdio.c.obj
                0x10006c90                __wrap_puts
 *fill*         0x10006cae        0x2 
 .text.__wrap_vprintf
                0x10006cb0       0x40 ohashi-v2/CMakeFiles/ohashi-v2.dir/C_/Program_Files/Raspberry_Pi/Pico_SDK_v1.5.1/pico-sdk/src/rp2_common/pico_stdio/stdio.c.obj
                0x10006cb0                __wrap_vprintf
 .text.__wrap_printf
                0x10006cf0       0x18 ohashi-v2/CMakeFiles/ohashi-v2.dir/C_/Program_Files/Raspberry_Pi/Pico_SDK_v1.5.1/pico-sdk/src/rp2_common/pico_stdio/stdio.c.obj
                0x10006cf0                __wrap_printf
 .text.stdio_init_all
                0x10006d08        0xe ohashi-v2/CMakeFiles/ohashi-v2.dir/C_/Program_Files/Raspberry_Pi/Pico_SDK_v1.5.1/pico-sdk/src/rp2_common/pico_stdio/stdio.c.obj
                0x10006d08                stdio_init_all
 *fill*         0x10006d16        0x2 
 .text.stdio_uart_out_chars
                0x10006d18       0x74 ohashi-v2/CMakeFiles/ohashi-v2.dir/C_/Program_Files/Raspberry_Pi/Pico_SDK_v1.5.1/pico-sdk/src/rp2_common/pico_stdio_uart/stdio_uart.c.obj
 .text.stdio_uart_in_chars
                0x10006d8c       0x80 ohashi-v2/CMakeFiles/ohashi-v2.dir/C_/Program_Files/Raspberry_Pi/Pico_SDK_v1.5.1/pico-sdk/src/rp2_common/pico_stdio_uart/stdio_uart.c.obj
                0x10006d8c                stdio_uart_in_chars
 .text.on_uart_rx
                0x10006e0c       0x28 ohashi-v2/CMakeFiles/ohashi-v2.dir/C_/Program_Files/Raspberry_Pi/Pico_SDK_v1.5.1/pico-sdk/src/rp2_common/pico_stdio_uart/stdio_uart.c.obj
 .text.stdio_uart_set_chars_available_callback
                0x10006e34       0x8c ohashi-v2/CMakeFiles/ohashi-v2.dir/C_/Program_Files/Raspberry_Pi/Pico_SDK_v1.5.1/pico-sdk/src/rp2_common/pico_stdio_uart/stdio_uart.c.obj
 .text.stdio_uart_init_full
                0x10006ec0       0x44 ohashi-v2/CMakeFiles/ohashi-v2.dir/C_/Program_Files/Raspberry_Pi/Pico_SDK_v1.5.1/pico-sdk/src/rp2_common/pico_stdio_uart/stdio_uart.c.obj
                0x10006ec0                stdio_uart_init_full
 .text.stdio_uart_init
                0x10006f04       0x28 ohashi-v2/CMakeFiles/ohashi-v2.dir/C_/Program_Files/Raspberry_Pi/Pico_SDK_v1.5.1/pico-sdk/src/rp2_common/pico_stdio_uart/stdio_uart.c.obj
                0x10006f04                stdio_uart_init
 .text.resetd_init
                0x10006f2c        0x2 ohashi-v2/CMakeFiles/ohashi-v2.dir/C_/Program_Files/Raspberry_Pi/Pico_SDK_v1.5.1/pico-sdk/src/rp2_common/pico_stdio_usb/reset_interface.c.obj
 *fill*         0x10006f2e        0x2 
 .text.resetd_reset
                0x10006f30        0xc ohashi-v2/CMakeFiles/ohashi-v2.dir/C_/Program_Files/Raspberry_Pi/Pico_SDK_v1.5.1/pico-sdk/src/rp2_common/pico_stdio_usb/reset_interface.c.obj
 .text.resetd_open
                0x10006f3c       0x34 ohashi-v2/CMakeFiles/ohashi-v2.dir/C_/Program_Files/Raspberry_Pi/Pico_SDK_v1.5.1/pico-sdk/src/rp2_common/pico_stdio_usb/reset_interface.c.obj
 .text.resetd_xfer_cb
                0x10006f70        0x4 ohashi-v2/CMakeFiles/ohashi-v2.dir/C_/Program_Files/Raspberry_Pi/Pico_SDK_v1.5.1/pico-sdk/src/rp2_common/pico_stdio_usb/reset_interface.c.obj
 .text.reset_usb_boot
                0x10006f74       0x18 ohashi-v2/CMakeFiles/ohashi-v2.dir/C_/Program_Files/Raspberry_Pi/Pico_SDK_v1.5.1/pico-sdk/src/rp2_common/pico_stdio_usb/reset_interface.c.obj
 .text.resetd_control_xfer_cb
                0x10006f8c       0x5c ohashi-v2/CMakeFiles/ohashi-v2.dir/C_/Program_Files/Raspberry_Pi/Pico_SDK_v1.5.1/pico-sdk/src/rp2_common/pico_stdio_usb/reset_interface.c.obj
 .text.usbd_app_driver_get_cb
                0x10006fe8        0xc ohashi-v2/CMakeFiles/ohashi-v2.dir/C_/Program_Files/Raspberry_Pi/Pico_SDK_v1.5.1/pico-sdk/src/rp2_common/pico_stdio_usb/reset_interface.c.obj
                0x10006fe8                usbd_app_driver_get_cb
 .text.tud_cdc_line_coding_cb
                0x10006ff4       0x28 ohashi-v2/CMakeFiles/ohashi-v2.dir/C_/Program_Files/Raspberry_Pi/Pico_SDK_v1.5.1/pico-sdk/src/rp2_common/pico_stdio_usb/reset_interface.c.obj
                0x10006ff4                tud_cdc_line_coding_cb
 .text.stdio_usb_set_chars_available_callback
                0x1000701c       0x14 ohashi-v2/CMakeFiles/ohashi-v2.dir/C_/Program_Files/Raspberry_Pi/Pico_SDK_v1.5.1/pico-sdk/src/rp2_common/pico_stdio_usb/stdio_usb.c.obj
                0x1000701c                stdio_usb_set_chars_available_callback
 .text.usb_irq  0x10007030       0x10 ohashi-v2/CMakeFiles/ohashi-v2.dir/C_/Program_Files/Raspberry_Pi/Pico_SDK_v1.5.1/pico-sdk/src/rp2_common/pico_stdio_usb/stdio_usb.c.obj
 .text.timer_task
                0x10007040       0x5c ohashi-v2/CMakeFiles/ohashi-v2.dir/C_/Program_Files/Raspberry_Pi/Pico_SDK_v1.5.1/pico-sdk/src/rp2_common/pico_stdio_usb/stdio_usb.c.obj
 .text.low_priority_worker_irq
                0x1000709c       0xdc ohashi-v2/CMakeFiles/ohashi-v2.dir/C_/Program_Files/Raspberry_Pi/Pico_SDK_v1.5.1/pico-sdk/src/rp2_common/pico_stdio_usb/stdio_usb.c.obj
 .text.tud_cdc_rx_cb
                0x10007178       0x20 ohashi-v2/CMakeFiles/ohashi-v2.dir/C_/Program_Files/Raspberry_Pi/Pico_SDK_v1.5.1/pico-sdk/src/rp2_common/pico_stdio_usb/stdio_usb.c.obj
                0x10007178                tud_cdc_rx_cb
 .text.stdio_usb_init
                0x10007198      0x11c ohashi-v2/CMakeFiles/ohashi-v2.dir/C_/Program_Files/Raspberry_Pi/Pico_SDK_v1.5.1/pico-sdk/src/rp2_common/pico_stdio_usb/stdio_usb.c.obj
                0x10007198                stdio_usb_init
 .text.stdio_usb_connected
                0x100072b4        0xa ohashi-v2/CMakeFiles/ohashi-v2.dir/C_/Program_Files/Raspberry_Pi/Pico_SDK_v1.5.1/pico-sdk/src/rp2_common/pico_stdio_usb/stdio_usb.c.obj
                0x100072b4                stdio_usb_connected
 *fill*         0x100072be        0x2 
 .text.stdio_usb_in_chars
                0x100072c0       0xc4 ohashi-v2/CMakeFiles/ohashi-v2.dir/C_/Program_Files/Raspberry_Pi/Pico_SDK_v1.5.1/pico-sdk/src/rp2_common/pico_stdio_usb/stdio_usb.c.obj
                0x100072c0                stdio_usb_in_chars
 .text.stdio_usb_out_chars
                0x10007384      0x114 ohashi-v2/CMakeFiles/ohashi-v2.dir/C_/Program_Files/Raspberry_Pi/Pico_SDK_v1.5.1/pico-sdk/src/rp2_common/pico_stdio_usb/stdio_usb.c.obj
 .text.tud_descriptor_device_cb
                0x10007498        0x8 ohashi-v2/CMakeFiles/ohashi-v2.dir/C_/Program_Files/Raspberry_Pi/Pico_SDK_v1.5.1/pico-sdk/src/rp2_common/pico_stdio_usb/stdio_usb_descriptors.c.obj
                0x10007498                tud_descriptor_device_cb
 .text.tud_descriptor_configuration_cb
                0x100074a0        0x8 ohashi-v2/CMakeFiles/ohashi-v2.dir/C_/Program_Files/Raspberry_Pi/Pico_SDK_v1.5.1/pico-sdk/src/rp2_common/pico_stdio_usb/stdio_usb_descriptors.c.obj
                0x100074a0                tud_descriptor_configuration_cb
 .text.tud_descriptor_string_cb
                0x100074a8       0x6c ohashi-v2/CMakeFiles/ohashi-v2.dir/C_/Program_Files/Raspberry_Pi/Pico_SDK_v1.5.1/pico-sdk/src/rp2_common/pico_stdio_usb/stdio_usb_descriptors.c.obj
                0x100074a8                tud_descriptor_string_cb
 .text._retrieve_unique_id_on_boot
                0x10007514       0x10 ohashi-v2/CMakeFiles/ohashi-v2.dir/C_/Program_Files/Raspberry_Pi/Pico_SDK_v1.5.1/pico-sdk/src/rp2_common/pico_unique_id/unique_id.c.obj
 .text.pico_get_unique_board_id_string
                0x10007524       0x60 ohashi-v2/CMakeFiles/ohashi-v2.dir/C_/Program_Files/Raspberry_Pi/Pico_SDK_v1.5.1/pico-sdk/src/rp2_common/pico_unique_id/unique_id.c.obj
                0x10007524                pico_get_unique_board_id_string
 .text.flash_get_unique_id
                0x10007584       0x46 ohashi-v2/CMakeFiles/ohashi-v2.dir/C_/Program_Files/Raspberry_Pi/Pico_SDK_v1.5.1/pico-sdk/src/rp2_common/hardware_flash/flash.c.obj
                0x10007584                flash_get_unique_id
 *fill*         0x100075ca        0x2 
 .text.hw_endpoint_get_by_addr
                0x100075cc       0x18 ohashi-v2/CMakeFiles/ohashi-v2.dir/C_/Program_Files/Raspberry_Pi/Pico_SDK_v1.5.1/pico-sdk/lib/tinyusb/src/portable/raspberrypi/rp2040/dcd_rp2040.c.obj
 .text._hw_endpoint_alloc
                0x100075e4       0x70 ohashi-v2/CMakeFiles/ohashi-v2.dir/C_/Program_Files/Raspberry_Pi/Pico_SDK_v1.5.1/pico-sdk/lib/tinyusb/src/portable/raspberrypi/rp2040/dcd_rp2040.c.obj
 .text.hw_endpoint_init
                0x10007654       0x88 ohashi-v2/CMakeFiles/ohashi-v2.dir/C_/Program_Files/Raspberry_Pi/Pico_SDK_v1.5.1/pico-sdk/lib/tinyusb/src/portable/raspberrypi/rp2040/dcd_rp2040.c.obj
 .text.hw_endpoint_xfer
                0x100076dc       0x14 ohashi-v2/CMakeFiles/ohashi-v2.dir/C_/Program_Files/Raspberry_Pi/Pico_SDK_v1.5.1/pico-sdk/lib/tinyusb/src/portable/raspberrypi/rp2040/dcd_rp2040.c.obj
 .text.dcd_int_enable
                0x100076f0       0x2c ohashi-v2/CMakeFiles/ohashi-v2.dir/C_/Program_Files/Raspberry_Pi/Pico_SDK_v1.5.1/pico-sdk/lib/tinyusb/src/portable/raspberrypi/rp2040/dcd_rp2040.c.obj
                0x100076f0                dcd_int_enable
 .text.dcd_set_address
                0x1000771c       0x2c ohashi-v2/CMakeFiles/ohashi-v2.dir/C_/Program_Files/Raspberry_Pi/Pico_SDK_v1.5.1/pico-sdk/lib/tinyusb/src/portable/raspberrypi/rp2040/dcd_rp2040.c.obj
                0x1000771c                dcd_set_address
 .text.dcd_connect
                0x10007748       0x10 ohashi-v2/CMakeFiles/ohashi-v2.dir/C_/Program_Files/Raspberry_Pi/Pico_SDK_v1.5.1/pico-sdk/lib/tinyusb/src/portable/raspberrypi/rp2040/dcd_rp2040.c.obj
                0x10007748                dcd_connect
 .text.dcd_init
                0x10007758       0x80 ohashi-v2/CMakeFiles/ohashi-v2.dir/C_/Program_Files/Raspberry_Pi/Pico_SDK_v1.5.1/pico-sdk/lib/tinyusb/src/portable/raspberrypi/rp2040/dcd_rp2040.c.obj
                0x10007758                dcd_init
 .text.dcd_edpt0_status_complete
                0x100077d8       0x1c ohashi-v2/CMakeFiles/ohashi-v2.dir/C_/Program_Files/Raspberry_Pi/Pico_SDK_v1.5.1/pico-sdk/lib/tinyusb/src/portable/raspberrypi/rp2040/dcd_rp2040.c.obj
                0x100077d8                dcd_edpt0_status_complete
 .text.dcd_edpt_open
                0x100077f4       0x40 ohashi-v2/CMakeFiles/ohashi-v2.dir/C_/Program_Files/Raspberry_Pi/Pico_SDK_v1.5.1/pico-sdk/lib/tinyusb/src/portable/raspberrypi/rp2040/dcd_rp2040.c.obj
                0x100077f4                dcd_edpt_open
 .text.dcd_edpt_close_all
                0x10007834        0x8 ohashi-v2/CMakeFiles/ohashi-v2.dir/C_/Program_Files/Raspberry_Pi/Pico_SDK_v1.5.1/pico-sdk/lib/tinyusb/src/portable/raspberrypi/rp2040/dcd_rp2040.c.obj
                0x10007834                dcd_edpt_close_all
 .text.dcd_edpt_xfer
                0x1000783c       0x34 ohashi-v2/CMakeFiles/ohashi-v2.dir/C_/Program_Files/Raspberry_Pi/Pico_SDK_v1.5.1/pico-sdk/lib/tinyusb/src/portable/raspberrypi/rp2040/dcd_rp2040.c.obj
                0x1000783c                dcd_edpt_xfer
 .text.dcd_edpt_stall
                0x10007870       0x2c ohashi-v2/CMakeFiles/ohashi-v2.dir/C_/Program_Files/Raspberry_Pi/Pico_SDK_v1.5.1/pico-sdk/lib/tinyusb/src/portable/raspberrypi/rp2040/dcd_rp2040.c.obj
                0x10007870                dcd_edpt_stall
 .text.dcd_edpt_clear_stall
                0x1000789c       0x20 ohashi-v2/CMakeFiles/ohashi-v2.dir/C_/Program_Files/Raspberry_Pi/Pico_SDK_v1.5.1/pico-sdk/lib/tinyusb/src/portable/raspberrypi/rp2040/dcd_rp2040.c.obj
                0x1000789c                dcd_edpt_clear_stall
 .text.rp2040_usb_init
                0x100078bc       0x4c ohashi-v2/CMakeFiles/ohashi-v2.dir/C_/Program_Files/Raspberry_Pi/Pico_SDK_v1.5.1/pico-sdk/lib/tinyusb/src/portable/raspberrypi/rp2040/rp2040_usb.c.obj
                0x100078bc                rp2040_usb_init
 .text.hw_endpoint_xfer_start
                0x10007908       0x50 ohashi-v2/CMakeFiles/ohashi-v2.dir/C_/Program_Files/Raspberry_Pi/Pico_SDK_v1.5.1/pico-sdk/lib/tinyusb/src/portable/raspberrypi/rp2040/rp2040_usb.c.obj
                0x10007908                hw_endpoint_xfer_start
 .text.configuration_reset
                0x10007958       0x84 ohashi-v2/CMakeFiles/ohashi-v2.dir/C_/Program_Files/Raspberry_Pi/Pico_SDK_v1.5.1/pico-sdk/lib/tinyusb/src/device/usbd.c.obj
 .text.usbd_reset
                0x100079dc        0xc ohashi-v2/CMakeFiles/ohashi-v2.dir/C_/Program_Files/Raspberry_Pi/Pico_SDK_v1.5.1/pico-sdk/lib/tinyusb/src/device/usbd.c.obj
 .text.invoke_class_control
                0x100079e8       0x1a ohashi-v2/CMakeFiles/ohashi-v2.dir/C_/Program_Files/Raspberry_Pi/Pico_SDK_v1.5.1/pico-sdk/lib/tinyusb/src/device/usbd.c.obj
 *fill*         0x10007a02        0x2 
 .text.process_set_config
                0x10007a04      0x178 ohashi-v2/CMakeFiles/ohashi-v2.dir/C_/Program_Files/Raspberry_Pi/Pico_SDK_v1.5.1/pico-sdk/lib/tinyusb/src/device/usbd.c.obj
 .text.process_get_descriptor
                0x10007b7c       0xdc ohashi-v2/CMakeFiles/ohashi-v2.dir/C_/Program_Files/Raspberry_Pi/Pico_SDK_v1.5.1/pico-sdk/lib/tinyusb/src/device/usbd.c.obj
 .text.tud_mounted
                0x10007c58       0x10 ohashi-v2/CMakeFiles/ohashi-v2.dir/C_/Program_Files/Raspberry_Pi/Pico_SDK_v1.5.1/pico-sdk/lib/tinyusb/src/device/usbd.c.obj
                0x10007c58                tud_mounted
 .text.tud_suspended
                0x10007c68       0x10 ohashi-v2/CMakeFiles/ohashi-v2.dir/C_/Program_Files/Raspberry_Pi/Pico_SDK_v1.5.1/pico-sdk/lib/tinyusb/src/device/usbd.c.obj
                0x10007c68                tud_suspended
 .text.tud_inited
                0x10007c78       0x14 ohashi-v2/CMakeFiles/ohashi-v2.dir/C_/Program_Files/Raspberry_Pi/Pico_SDK_v1.5.1/pico-sdk/lib/tinyusb/src/device/usbd.c.obj
                0x10007c78                tud_inited
 .text.tud_init
                0x10007c8c       0xcc ohashi-v2/CMakeFiles/ohashi-v2.dir/C_/Program_Files/Raspberry_Pi/Pico_SDK_v1.5.1/pico-sdk/lib/tinyusb/src/device/usbd.c.obj
                0x10007c8c                tud_init
 .text.usbd_defer_func
                0x10007d58       0x2a ohashi-v2/CMakeFiles/ohashi-v2.dir/C_/Program_Files/Raspberry_Pi/Pico_SDK_v1.5.1/pico-sdk/lib/tinyusb/src/device/usbd.c.obj
                0x10007d58                usbd_defer_func
 *fill*         0x10007d82        0x2 
 .text.usbd_edpt_open
                0x10007d84       0x34 ohashi-v2/CMakeFiles/ohashi-v2.dir/C_/Program_Files/Raspberry_Pi/Pico_SDK_v1.5.1/pico-sdk/lib/tinyusb/src/device/usbd.c.obj
                0x10007d84                usbd_edpt_open
 .text.usbd_open_edpt_pair
                0x10007db8       0x62 ohashi-v2/CMakeFiles/ohashi-v2.dir/C_/Program_Files/Raspberry_Pi/Pico_SDK_v1.5.1/pico-sdk/lib/tinyusb/src/device/usbd.c.obj
                0x10007db8                usbd_open_edpt_pair
 *fill*         0x10007e1a        0x2 
 .text.usbd_edpt_claim
                0x10007e1c       0x28 ohashi-v2/CMakeFiles/ohashi-v2.dir/C_/Program_Files/Raspberry_Pi/Pico_SDK_v1.5.1/pico-sdk/lib/tinyusb/src/device/usbd.c.obj
                0x10007e1c                usbd_edpt_claim
 .text.usbd_edpt_release
                0x10007e44       0x28 ohashi-v2/CMakeFiles/ohashi-v2.dir/C_/Program_Files/Raspberry_Pi/Pico_SDK_v1.5.1/pico-sdk/lib/tinyusb/src/device/usbd.c.obj
                0x10007e44                usbd_edpt_release
 .text.usbd_edpt_xfer
                0x10007e6c       0x78 ohashi-v2/CMakeFiles/ohashi-v2.dir/C_/Program_Files/Raspberry_Pi/Pico_SDK_v1.5.1/pico-sdk/lib/tinyusb/src/device/usbd.c.obj
                0x10007e6c                usbd_edpt_xfer
 .text.usbd_edpt_stall
                0x10007ee4       0x48 ohashi-v2/CMakeFiles/ohashi-v2.dir/C_/Program_Files/Raspberry_Pi/Pico_SDK_v1.5.1/pico-sdk/lib/tinyusb/src/device/usbd.c.obj
                0x10007ee4                usbd_edpt_stall
 .text.usbd_edpt_clear_stall
                0x10007f2c       0x48 ohashi-v2/CMakeFiles/ohashi-v2.dir/C_/Program_Files/Raspberry_Pi/Pico_SDK_v1.5.1/pico-sdk/lib/tinyusb/src/device/usbd.c.obj
                0x10007f2c                usbd_edpt_clear_stall
 .text.usbd_edpt_stalled
                0x10007f74       0x1c ohashi-v2/CMakeFiles/ohashi-v2.dir/C_/Program_Files/Raspberry_Pi/Pico_SDK_v1.5.1/pico-sdk/lib/tinyusb/src/device/usbd.c.obj
                0x10007f74                usbd_edpt_stalled
 .text.process_control_request
                0x10007f90      0x37c ohashi-v2/CMakeFiles/ohashi-v2.dir/C_/Program_Files/Raspberry_Pi/Pico_SDK_v1.5.1/pico-sdk/lib/tinyusb/src/device/usbd.c.obj
 .text.tud_task_ext
                0x1000830c      0x1b8 ohashi-v2/CMakeFiles/ohashi-v2.dir/C_/Program_Files/Raspberry_Pi/Pico_SDK_v1.5.1/pico-sdk/lib/tinyusb/src/device/usbd.c.obj
                0x1000830c                tud_task_ext
 .text._data_stage_xact
                0x100084c4       0x58 ohashi-v2/CMakeFiles/ohashi-v2.dir/C_/Program_Files/Raspberry_Pi/Pico_SDK_v1.5.1/pico-sdk/lib/tinyusb/src/device/usbd_control.c.obj
 .text.tud_control_status
                0x1000851c       0x38 ohashi-v2/CMakeFiles/ohashi-v2.dir/C_/Program_Files/Raspberry_Pi/Pico_SDK_v1.5.1/pico-sdk/lib/tinyusb/src/device/usbd_control.c.obj
                0x1000851c                tud_control_status
 .text.tud_control_xfer
                0x10008554       0x74 ohashi-v2/CMakeFiles/ohashi-v2.dir/C_/Program_Files/Raspberry_Pi/Pico_SDK_v1.5.1/pico-sdk/lib/tinyusb/src/device/usbd_control.c.obj
                0x10008554                tud_control_xfer
 .text.usbd_control_reset
                0x100085c8       0x14 ohashi-v2/CMakeFiles/ohashi-v2.dir/C_/Program_Files/Raspberry_Pi/Pico_SDK_v1.5.1/pico-sdk/lib/tinyusb/src/device/usbd_control.c.obj
                0x100085c8                usbd_control_reset
 .text.usbd_control_set_complete_callback
                0x100085dc        0xc ohashi-v2/CMakeFiles/ohashi-v2.dir/C_/Program_Files/Raspberry_Pi/Pico_SDK_v1.5.1/pico-sdk/lib/tinyusb/src/device/usbd_control.c.obj
                0x100085dc                usbd_control_set_complete_callback
 .text.usbd_control_set_request
                0x100085e8       0x1c ohashi-v2/CMakeFiles/ohashi-v2.dir/C_/Program_Files/Raspberry_Pi/Pico_SDK_v1.5.1/pico-sdk/lib/tinyusb/src/device/usbd_control.c.obj
                0x100085e8                usbd_control_set_request
 .text.usbd_control_xfer_cb
                0x10008604       0xcc ohashi-v2/CMakeFiles/ohashi-v2.dir/C_/Program_Files/Raspberry_Pi/Pico_SDK_v1.5.1/pico-sdk/lib/tinyusb/src/device/usbd_control.c.obj
                0x10008604                usbd_control_xfer_cb
 .text._prep_out_transaction
                0x100086d0       0x4a ohashi-v2/CMakeFiles/ohashi-v2.dir/C_/Program_Files/Raspberry_Pi/Pico_SDK_v1.5.1/pico-sdk/lib/tinyusb/src/class/cdc/cdc_device.c.obj
 *fill*         0x1000871a        0x2 
 .text.tud_cdc_n_connected
                0x1000871c       0x44 ohashi-v2/CMakeFiles/ohashi-v2.dir/C_/Program_Files/Raspberry_Pi/Pico_SDK_v1.5.1/pico-sdk/lib/tinyusb/src/class/cdc/cdc_device.c.obj
                0x1000871c                tud_cdc_n_connected
 .text.tud_cdc_n_available
                0x10008760       0x18 ohashi-v2/CMakeFiles/ohashi-v2.dir/C_/Program_Files/Raspberry_Pi/Pico_SDK_v1.5.1/pico-sdk/lib/tinyusb/src/class/cdc/cdc_device.c.obj
                0x10008760                tud_cdc_n_available
 .text.tud_cdc_n_read
                0x10008778       0x28 ohashi-v2/CMakeFiles/ohashi-v2.dir/C_/Program_Files/Raspberry_Pi/Pico_SDK_v1.5.1/pico-sdk/lib/tinyusb/src/class/cdc/cdc_device.c.obj
                0x10008778                tud_cdc_n_read
 .text.tud_cdc_n_write_flush
                0x100087a0       0xb8 ohashi-v2/CMakeFiles/ohashi-v2.dir/C_/Program_Files/Raspberry_Pi/Pico_SDK_v1.5.1/pico-sdk/lib/tinyusb/src/class/cdc/cdc_device.c.obj
                0x100087a0                tud_cdc_n_write_flush
 .text.tud_cdc_n_write
                0x10008858       0x38 ohashi-v2/CMakeFiles/ohashi-v2.dir/C_/Program_Files/Raspberry_Pi/Pico_SDK_v1.5.1/pico-sdk/lib/tinyusb/src/class/cdc/cdc_device.c.obj
                0x10008858                tud_cdc_n_write
 .text.tud_cdc_n_write_available
                0x10008890       0x1c ohashi-v2/CMakeFiles/ohashi-v2.dir/C_/Program_Files/Raspberry_Pi/Pico_SDK_v1.5.1/pico-sdk/lib/tinyusb/src/class/cdc/cdc_device.c.obj
                0x10008890                tud_cdc_n_write_available
 .text.cdcd_init
                0x100088ac       0xbc ohashi-v2/CMakeFiles/ohashi-v2.dir/C_/Program_Files/Raspberry_Pi/Pico_SDK_v1.5.1/pico-sdk/lib/tinyusb/src/class/cdc/cdc_device.c.obj
                0x100088ac                cdcd_init
 .text.cdcd_reset
                0x10008968       0x44 ohashi-v2/CMakeFiles/ohashi-v2.dir/C_/Program_Files/Raspberry_Pi/Pico_SDK_v1.5.1/pico-sdk/lib/tinyusb/src/class/cdc/cdc_device.c.obj
                0x10008968                cdcd_reset
 .text.cdcd_open
                0x100089ac       0xcc ohashi-v2/CMakeFiles/ohashi-v2.dir/C_/Program_Files/Raspberry_Pi/Pico_SDK_v1.5.1/pico-sdk/lib/tinyusb/src/class/cdc/cdc_device.c.obj
                0x100089ac                cdcd_open
 .text.cdcd_control_xfer_cb
                0x10008a78      0x134 ohashi-v2/CMakeFiles/ohashi-v2.dir/C_/Program_Files/Raspberry_Pi/Pico_SDK_v1.5.1/pico-sdk/lib/tinyusb/src/class/cdc/cdc_device.c.obj
                0x10008a78                cdcd_control_xfer_cb
 .text.cdcd_xfer_cb
                0x10008bac      0x130 ohashi-v2/CMakeFiles/ohashi-v2.dir/C_/Program_Files/Raspberry_Pi/Pico_SDK_v1.5.1/pico-sdk/lib/tinyusb/src/class/cdc/cdc_device.c.obj
                0x10008bac                cdcd_xfer_cb
 .text.tusb_init
                0x10008cdc        0xa ohashi-v2/CMakeFiles/ohashi-v2.dir/C_/Program_Files/Raspberry_Pi/Pico_SDK_v1.5.1/pico-sdk/lib/tinyusb/src/tusb.c.obj
                0x10008cdc                tusb_init
 .text.tusb_inited
                0x10008ce6        0xe ohashi-v2/CMakeFiles/ohashi-v2.dir/C_/Program_Files/Raspberry_Pi/Pico_SDK_v1.5.1/pico-sdk/lib/tinyusb/src/tusb.c.obj
                0x10008ce6                tusb_inited
 .text.tu_edpt_claim
                0x10008cf4       0x50 ohashi-v2/CMakeFiles/ohashi-v2.dir/C_/Program_Files/Raspberry_Pi/Pico_SDK_v1.5.1/pico-sdk/lib/tinyusb/src/tusb.c.obj
                0x10008cf4                tu_edpt_claim
 .text.tu_edpt_release
                0x10008d44       0x3c ohashi-v2/CMakeFiles/ohashi-v2.dir/C_/Program_Files/Raspberry_Pi/Pico_SDK_v1.5.1/pico-sdk/lib/tinyusb/src/tusb.c.obj
                0x10008d44                tu_edpt_release
 .text.tu_edpt_validate
                0x10008d80       0x78 ohashi-v2/CMakeFiles/ohashi-v2.dir/C_/Program_Files/Raspberry_Pi/Pico_SDK_v1.5.1/pico-sdk/lib/tinyusb/src/tusb.c.obj
                0x10008d80                tu_edpt_validate
 .text.tu_edpt_bind_driver
                0x10008df8       0x26 ohashi-v2/CMakeFiles/ohashi-v2.dir/C_/Program_Files/Raspberry_Pi/Pico_SDK_v1.5.1/pico-sdk/lib/tinyusb/src/tusb.c.obj
                0x10008df8                tu_edpt_bind_driver
 .text.advance_index
                0x10008e1e       0x1a ohashi-v2/CMakeFiles/ohashi-v2.dir/C_/Program_Files/Raspberry_Pi/Pico_SDK_v1.5.1/pico-sdk/lib/tinyusb/src/common/tusb_fifo.c.obj
 .text._tu_fifo_peek
                0x10008e38       0x56 ohashi-v2/CMakeFiles/ohashi-v2.dir/C_/Program_Files/Raspberry_Pi/Pico_SDK_v1.5.1/pico-sdk/lib/tinyusb/src/common/tusb_fifo.c.obj
 .text._ff_pull_const_addr
                0x10008e8e       0x4c ohashi-v2/CMakeFiles/ohashi-v2.dir/C_/Program_Files/Raspberry_Pi/Pico_SDK_v1.5.1/pico-sdk/lib/tinyusb/src/common/tusb_fifo.c.obj
 .text._ff_pull_n
                0x10008eda      0x110 ohashi-v2/CMakeFiles/ohashi-v2.dir/C_/Program_Files/Raspberry_Pi/Pico_SDK_v1.5.1/pico-sdk/lib/tinyusb/src/common/tusb_fifo.c.obj
 .text._tu_fifo_peek_n
                0x10008fea       0x6a ohashi-v2/CMakeFiles/ohashi-v2.dir/C_/Program_Files/Raspberry_Pi/Pico_SDK_v1.5.1/pico-sdk/lib/tinyusb/src/common/tusb_fifo.c.obj
 .text._tu_fifo_read_n
                0x10009054       0x4e ohashi-v2/CMakeFiles/ohashi-v2.dir/C_/Program_Files/Raspberry_Pi/Pico_SDK_v1.5.1/pico-sdk/lib/tinyusb/src/common/tusb_fifo.c.obj
 .text._ff_push_const_addr
                0x100090a2       0x40 ohashi-v2/CMakeFiles/ohashi-v2.dir/C_/Program_Files/Raspberry_Pi/Pico_SDK_v1.5.1/pico-sdk/lib/tinyusb/src/common/tusb_fifo.c.obj
 .text._ff_push_n
                0x100090e2      0x10c ohashi-v2/CMakeFiles/ohashi-v2.dir/C_/Program_Files/Raspberry_Pi/Pico_SDK_v1.5.1/pico-sdk/lib/tinyusb/src/common/tusb_fifo.c.obj
 .text._tu_fifo_write_n
                0x100091ee       0xf0 ohashi-v2/CMakeFiles/ohashi-v2.dir/C_/Program_Files/Raspberry_Pi/Pico_SDK_v1.5.1/pico-sdk/lib/tinyusb/src/common/tusb_fifo.c.obj
 .text.tu_fifo_config
                0x100092de       0x7c ohashi-v2/CMakeFiles/ohashi-v2.dir/C_/Program_Files/Raspberry_Pi/Pico_SDK_v1.5.1/pico-sdk/lib/tinyusb/src/common/tusb_fifo.c.obj
                0x100092de                tu_fifo_config
 .text.tu_fifo_count
                0x1000935a       0x2a ohashi-v2/CMakeFiles/ohashi-v2.dir/C_/Program_Files/Raspberry_Pi/Pico_SDK_v1.5.1/pico-sdk/lib/tinyusb/src/common/tusb_fifo.c.obj
                0x1000935a                tu_fifo_count
 .text.tu_fifo_empty
                0x10009384       0x10 ohashi-v2/CMakeFiles/ohashi-v2.dir/C_/Program_Files/Raspberry_Pi/Pico_SDK_v1.5.1/pico-sdk/lib/tinyusb/src/common/tusb_fifo.c.obj
                0x10009384                tu_fifo_empty
 .text.tu_fifo_full
                0x10009394       0x28 ohashi-v2/CMakeFiles/ohashi-v2.dir/C_/Program_Files/Raspberry_Pi/Pico_SDK_v1.5.1/pico-sdk/lib/tinyusb/src/common/tusb_fifo.c.obj
                0x10009394                tu_fifo_full
 .text.tu_fifo_remaining
                0x100093bc       0x2c ohashi-v2/CMakeFiles/ohashi-v2.dir/C_/Program_Files/Raspberry_Pi/Pico_SDK_v1.5.1/pico-sdk/lib/tinyusb/src/common/tusb_fifo.c.obj
                0x100093bc                tu_fifo_remaining
 .text.tu_fifo_read
                0x100093e8       0x42 ohashi-v2/CMakeFiles/ohashi-v2.dir/C_/Program_Files/Raspberry_Pi/Pico_SDK_v1.5.1/pico-sdk/lib/tinyusb/src/common/tusb_fifo.c.obj
                0x100093e8                tu_fifo_read
 .text.tu_fifo_read_n
                0x1000942a        0xa ohashi-v2/CMakeFiles/ohashi-v2.dir/C_/Program_Files/Raspberry_Pi/Pico_SDK_v1.5.1/pico-sdk/lib/tinyusb/src/common/tusb_fifo.c.obj
                0x1000942a                tu_fifo_read_n
 .text.tu_fifo_write
                0x10009434       0x64 ohashi-v2/CMakeFiles/ohashi-v2.dir/C_/Program_Files/Raspberry_Pi/Pico_SDK_v1.5.1/pico-sdk/lib/tinyusb/src/common/tusb_fifo.c.obj
                0x10009434                tu_fifo_write
 .text.tu_fifo_write_n
                0x10009498        0xa ohashi-v2/CMakeFiles/ohashi-v2.dir/C_/Program_Files/Raspberry_Pi/Pico_SDK_v1.5.1/pico-sdk/lib/tinyusb/src/common/tusb_fifo.c.obj
                0x10009498                tu_fifo_write_n
 .text.tu_fifo_clear
                0x100094a2       0x3e ohashi-v2/CMakeFiles/ohashi-v2.dir/C_/Program_Files/Raspberry_Pi/Pico_SDK_v1.5.1/pico-sdk/lib/tinyusb/src/common/tusb_fifo.c.obj
                0x100094a2                tu_fifo_clear
 .text.tu_fifo_set_overwritable
                0x100094e0       0x46 ohashi-v2/CMakeFiles/ohashi-v2.dir/C_/Program_Files/Raspberry_Pi/Pico_SDK_v1.5.1/pico-sdk/lib/tinyusb/src/common/tusb_fifo.c.obj
                0x100094e0                tu_fifo_set_overwritable
 .text.spi_set_baudrate
                0x10009526       0xcc ohashi-v2/CMakeFiles/ohashi-v2.dir/C_/Program_Files/Raspberry_Pi/Pico_SDK_v1.5.1/pico-sdk/src/rp2_common/hardware_spi/spi.c.obj
                0x10009526                spi_set_baudrate
 *fill*         0x100095f2        0x2 
 .text.spi_init
                0x100095f4       0x74 ohashi-v2/CMakeFiles/ohashi-v2.dir/C_/Program_Files/Raspberry_Pi/Pico_SDK_v1.5.1/pico-sdk/src/rp2_common/hardware_spi/spi.c.obj
                0x100095f4                spi_init
 .text.__cxa_guard_acquire
                0x10009668       0x38 c:/progra~1/raspbe~1/picosd~1.1/gcc-ar~1/bin/../lib/gcc/arm-none-eabi/10.3.1/../../../../arm-none-eabi/lib/thumb/v6-m/nofp\libstdc++.a(guard.o)
                0x10009668                __cxa_guard_acquire
 .text.__cxa_guard_release
                0x100096a0        0x8 c:/progra~1/raspbe~1/picosd~1.1/gcc-ar~1/bin/../lib/gcc/arm-none-eabi/10.3.1/../../../../arm-none-eabi/lib/thumb/v6-m/nofp\libstdc++.a(guard.o)
                0x100096a0                __cxa_guard_release
 .text._ZN9__gnu_cxx20recursive_init_errorD2Ev
                0x100096a8       0x18 c:/progra~1/raspbe~1/picosd~1.1/gcc-ar~1/bin/../lib/gcc/arm-none-eabi/10.3.1/../../../../arm-none-eabi/lib/thumb/v6-m/nofp\libstdc++.a(guard_error.o)
                0x100096a8                __gnu_cxx::recursive_init_error::~recursive_init_error()
                0x100096a8                __gnu_cxx::recursive_init_error::~recursive_init_error()
 .text._ZN9__gnu_cxx20recursive_init_errorD0Ev
                0x100096c0       0x20 c:/progra~1/raspbe~1/picosd~1.1/gcc-ar~1/bin/../lib/gcc/arm-none-eabi/10.3.1/../../../../arm-none-eabi/lib/thumb/v6-m/nofp\libstdc++.a(guard_error.o)
                0x100096c0                __gnu_cxx::recursive_init_error::~recursive_init_error()
 .text._ZN9__gnu_cxx20recursive_init_errorC2Ev
                0x100096e0        0xc c:/progra~1/raspbe~1/picosd~1.1/gcc-ar~1/bin/../lib/gcc/arm-none-eabi/10.3.1/../../../../arm-none-eabi/lib/thumb/v6-m/nofp\libstdc++.a(guard_error.o)
                0x100096e0                __gnu_cxx::recursive_init_error::recursive_init_error()
                0x100096e0                __gnu_cxx::recursive_init_error::recursive_init_error()
 .text._ZN10__cxxabiv120__si_class_type_infoD2Ev
                0x100096ec       0x18 c:/progra~1/raspbe~1/picosd~1.1/gcc-ar~1/bin/../lib/gcc/arm-none-eabi/10.3.1/../../../../arm-none-eabi/lib/thumb/v6-m/nofp\libstdc++.a(si_class_type_info.o)
                0x100096ec                __cxxabiv1::__si_class_type_info::~__si_class_type_info()
                0x100096ec                __cxxabiv1::__si_class_type_info::~__si_class_type_info()
 .text._ZN10__cxxabiv120__si_class_type_infoD0Ev
                0x10009704       0x20 c:/progra~1/raspbe~1/picosd~1.1/gcc-ar~1/bin/../lib/gcc/arm-none-eabi/10.3.1/../../../../arm-none-eabi/lib/thumb/v6-m/nofp\libstdc++.a(si_class_type_info.o)
                0x10009704                __cxxabiv1::__si_class_type_info::~__si_class_type_info()
 .text._ZNK10__cxxabiv120__si_class_type_info20__do_find_public_srcEiPKvPKNS_17__class_type_infoES2_
                0x10009724       0x38 c:/progra~1/raspbe~1/picosd~1.1/gcc-ar~1/bin/../lib/gcc/arm-none-eabi/10.3.1/../../../../arm-none-eabi/lib/thumb/v6-m/nofp\libstdc++.a(si_class_type_info.o)
                0x10009724                __cxxabiv1::__si_class_type_info::__do_find_public_src(int, void const*, __cxxabiv1::__class_type_info const*, void const*) const
 .text._ZNK10__cxxabiv120__si_class_type_info12__do_dyncastEiNS_17__class_type_info10__sub_kindEPKS1_PKvS4_S6_RNS1_16__dyncast_resultE
                0x1000975c       0x9c c:/progra~1/raspbe~1/picosd~1.1/gcc-ar~1/bin/../lib/gcc/arm-none-eabi/10.3.1/../../../../arm-none-eabi/lib/thumb/v6-m/nofp\libstdc++.a(si_class_type_info.o)
                0x1000975c                __cxxabiv1::__si_class_type_info::__do_dyncast(int, __cxxabiv1::__class_type_info::__sub_kind, __cxxabiv1::__class_type_info const*, void const*, __cxxabiv1::__class_type_info const*, void const*, __cxxabiv1::__class_type_info::__dyncast_result&) const
 .text._ZNK10__cxxabiv120__si_class_type_info11__do_upcastEPKNS_17__class_type_infoEPKvRNS1_15__upcast_resultE
                0x100097f8       0x24 c:/progra~1/raspbe~1/picosd~1.1/gcc-ar~1/bin/../lib/gcc/arm-none-eabi/10.3.1/../../../../arm-none-eabi/lib/thumb/v6-m/nofp\libstdc++.a(si_class_type_info.o)
                0x100097f8                __cxxabiv1::__si_class_type_info::__do_upcast(__cxxabiv1::__class_type_info const*, void const*, __cxxabiv1::__class_type_info::__upcast_result&) const
 .text._ZNSt9type_infoD2Ev
                0x1000981c        0x4 c:/progra~1/raspbe~1/picosd~1.1/gcc-ar~1/bin/../lib/gcc/arm-none-eabi/10.3.1/../../../../arm-none-eabi/lib/thumb/v6-m/nofp\libstdc++.a(tinfo.o)
                0x1000981c                std::type_info::~type_info()
                0x1000981c                std::type_info::~type_info()
 .text._ZNKSt9type_info14__is_pointer_pEv
                0x10009820        0x4 c:/progra~1/raspbe~1/picosd~1.1/gcc-ar~1/bin/../lib/gcc/arm-none-eabi/10.3.1/../../../../arm-none-eabi/lib/thumb/v6-m/nofp\libstdc++.a(tinfo.o)
                0x10009820                std::type_info::__is_pointer_p() const
                0x10009820                std::type_info::__is_function_p() const
 .text._ZNKSt9type_infoeqERKS_
                0x10009824       0x30 c:/progra~1/raspbe~1/picosd~1.1/gcc-ar~1/bin/../lib/gcc/arm-none-eabi/10.3.1/../../../../arm-none-eabi/lib/thumb/v6-m/nofp\libstdc++.a(tinfo.o)
                0x10009824                std::type_info::operator==(std::type_info const&) const
 .text._ZNK10__cxxabiv117__class_type_info11__do_upcastEPKS0_PPv
                0x10009854       0x34 c:/progra~1/raspbe~1/picosd~1.1/gcc-ar~1/bin/../lib/gcc/arm-none-eabi/10.3.1/../../../../arm-none-eabi/lib/thumb/v6-m/nofp\libstdc++.a(class_type_info.o)
                0x10009854                __cxxabiv1::__class_type_info::__do_upcast(__cxxabiv1::__class_type_info const*, void**) const
 .text._ZNK10__cxxabiv117__class_type_info20__do_find_public_srcEiPKvPKS0_S2_
                0x10009888       0x14 c:/progra~1/raspbe~1/picosd~1.1/gcc-ar~1/bin/../lib/gcc/arm-none-eabi/10.3.1/../../../../arm-none-eabi/lib/thumb/v6-m/nofp\libstdc++.a(class_type_info.o)
                0x10009888                __cxxabiv1::__class_type_info::__do_find_public_src(int, void const*, __cxxabiv1::__class_type_info const*, void const*) const
 .text._ZN10__cxxabiv117__class_type_infoD2Ev
                0x1000989c       0x18 c:/progra~1/raspbe~1/picosd~1.1/gcc-ar~1/bin/../lib/gcc/arm-none-eabi/10.3.1/../../../../arm-none-eabi/lib/thumb/v6-m/nofp\libstdc++.a(class_type_info.o)
                0x1000989c                __cxxabiv1::__class_type_info::~__class_type_info()
                0x1000989c                __cxxabiv1::__class_type_info::~__class_type_info()
 .text._ZN10__cxxabiv117__class_type_infoD0Ev
                0x100098b4       0x20 c:/progra~1/raspbe~1/picosd~1.1/gcc-ar~1/bin/../lib/gcc/arm-none-eabi/10.3.1/../../../../arm-none-eabi/lib/thumb/v6-m/nofp\libstdc++.a(class_type_info.o)
                0x100098b4                __cxxabiv1::__class_type_info::~__class_type_info()
 .text._ZNK10__cxxabiv117__class_type_info12__do_dyncastEiNS0_10__sub_kindEPKS0_PKvS3_S5_RNS0_16__dyncast_resultE
                0x100098d4       0x40 c:/progra~1/raspbe~1/picosd~1.1/gcc-ar~1/bin/../lib/gcc/arm-none-eabi/10.3.1/../../../../arm-none-eabi/lib/thumb/v6-m/nofp\libstdc++.a(class_type_info.o)
                0x100098d4                __cxxabiv1::__class_type_info::__do_dyncast(int, __cxxabiv1::__class_type_info::__sub_kind, __cxxabiv1::__class_type_info const*, void const*, __cxxabiv1::__class_type_info const*, void const*, __cxxabiv1::__class_type_info::__dyncast_result&) const
 .text._ZNK10__cxxabiv117__class_type_info11__do_upcastEPKS0_PKvRNS0_15__upcast_resultE
                0x10009914       0x1c c:/progra~1/raspbe~1/picosd~1.1/gcc-ar~1/bin/../lib/gcc/arm-none-eabi/10.3.1/../../../../arm-none-eabi/lib/thumb/v6-m/nofp\libstdc++.a(class_type_info.o)
                0x10009914                __cxxabiv1::__class_type_info::__do_upcast(__cxxabiv1::__class_type_info const*, void const*, __cxxabiv1::__class_type_info::__upcast_result&) const
 .text._ZNK10__cxxabiv117__class_type_info10__do_catchEPKSt9type_infoPPvj
                0x10009930       0x24 c:/progra~1/raspbe~1/picosd~1.1/gcc-ar~1/bin/../lib/gcc/arm-none-eabi/10.3.1/../../../../arm-none-eabi/lib/thumb/v6-m/nofp\libstdc++.a(class_type_info.o)
                0x10009930                __cxxabiv1::__class_type_info::__do_catch(std::type_info const*, void**, unsigned int) const
 .text._ZN12_GLOBAL__N_14pool4freeEPv.constprop.0
                0x10009954       0x78 c:/progra~1/raspbe~1/picosd~1.1/gcc-ar~1/bin/../lib/gcc/arm-none-eabi/10.3.1/../../../../arm-none-eabi/lib/thumb/v6-m/nofp\libstdc++.a(eh_alloc.o)
 .text._ZN12_GLOBAL__N_14pool8allocateEj.constprop.0
                0x100099cc       0x54 c:/progra~1/raspbe~1/picosd~1.1/gcc-ar~1/bin/../lib/gcc/arm-none-eabi/10.3.1/../../../../arm-none-eabi/lib/thumb/v6-m/nofp\libstdc++.a(eh_alloc.o)
 .text.__cxa_allocate_exception